Archive member included because of file (symbol)

c:/program files (x86)/microchip/xc32/v2.05/bin/bin/../../lib/gcc/pic32mx/4.8.3/../../../../pic32mx/lib\libmchp_peripheral.a(read_core_timer_lib.o)
                              build/default/production/_ext/1033338590/tft_master.o (ReadCoreTimer)
c:/program files (x86)/microchip/xc32/v2.05/bin/bin/../../lib/gcc/pic32mx/4.8.3/../../../../pic32mx/lib\libmchp_peripheral.a(write_core_timer_lib.o)
                              build/default/production/_ext/1033338590/tft_master.o (WriteCoreTimer)
c:/program files (x86)/microchip/xc32/v2.05/bin/bin/../../lib/gcc/pic32mx/4.8.3/../../../../pic32mx/lib\libmchp_peripheral_32MX250F128B.a(int_disable_interrupts_lib.o)
                              build/default/production/_ext/1033338590/ts_lcd.o (INTDisableInterrupts)
c:/program files (x86)/microchip/xc32/v2.05/bin/bin/../../lib/gcc/pic32mx/4.8.3/../../../../pic32mx/lib\libmchp_peripheral_32MX250F128B.a(int_restore_interrupts_lib.o)
                              build/default/production/_ext/1033338590/ts_lcd.o (INTRestoreInterrupts)
c:/program files (x86)/microchip/xc32/v2.05/bin/bin/../../lib/gcc/pic32mx/4.8.3/../../../../pic32mx/lib\libmchp_peripheral_32MX250F128B.a(spi_chn_open_lib.o)
                              build/default/production/_ext/1033338590/tft_master.o (SpiChnOpen)
c:/program files (x86)/microchip/xc32/v2.05/bin/bin/../../lib/gcc/pic32mx/4.8.3/../../../../pic32mx/lib\libmchp_peripheral_32MX250F128B.a(spi_map_tbl_libp.o)
                              c:/program files (x86)/microchip/xc32/v2.05/bin/bin/../../lib/gcc/pic32mx/4.8.3/../../../../pic32mx/lib\libmchp_peripheral_32MX250F128B.a(spi_chn_open_lib.o) (_SpiMapTbl)
c:/program files (x86)/microchip/xc32/v2.05/bin/bin/../../lib/gcc/pic32mx/4.8.3/../../../../pic32mx/lib\libmchp_peripheral_32MX250F128B.a(int_tbl_lib.o)
                              c:/program files (x86)/microchip/xc32/v2.05/bin/bin/../../lib/gcc/pic32mx/4.8.3/../../../../pic32mx/lib\libmchp_peripheral_32MX250F128B.a(spi_chn_open_lib.o) (INTClearFlag)
c:/program files (x86)/microchip/xc32/v2.05/bin/bin/../../lib/gcc/pic32mx/4.8.3/../../../../pic32mx/lib\libpic32.a(default-bootstrap-exception-handler.o)
                              c:/program files (x86)/microchip/xc32/v2.05/bin/bin/../../lib/gcc/pic32mx/4.8.3/../../../../pic32mx/lib/./proc/32MX250F128B/crt0_mips32r2.o (_bootstrap_exception_handler)
c:/program files (x86)/microchip/xc32/v2.05/bin/bin/../../lib/gcc/pic32mx/4.8.3/../../../../pic32mx/lib\libpic32.a(default-on-reset.o)
                              c:/program files (x86)/microchip/xc32/v2.05/bin/bin/../../lib/gcc/pic32mx/4.8.3/../../../../pic32mx/lib/./proc/32MX250F128B/crt0_mips32r2.o (_on_reset)
c:/program files (x86)/microchip/xc32/v2.05/bin/bin/../../lib/gcc/pic32mx/4.8.3/../../../../pic32mx/lib\libpic32.a(default-on-bootstrap.o)
                              c:/program files (x86)/microchip/xc32/v2.05/bin/bin/../../lib/gcc/pic32mx/4.8.3/../../../../pic32mx/lib/./proc/32MX250F128B/crt0_mips32r2.o (_on_bootstrap)
c:/program files (x86)/microchip/xc32/v2.05/bin/bin/../../lib/gcc/pic32mx/4.8.3/../../../../pic32mx/lib\libpic32.a(default-nmi-handler.o)
                              c:/program files (x86)/microchip/xc32/v2.05/bin/bin/../../lib/gcc/pic32mx/4.8.3/../../../../pic32mx/lib/./proc/32MX250F128B/crt0_mips32r2.o (_nmi_handler)
c:/program files (x86)/microchip/xc32/v2.05/bin/bin/../../lib/gcc/pic32mx/4.8.3/../../../../pic32mx/lib\libpic32.a(general-exception.o)
                              c:/program files (x86)/microchip/xc32/v2.05/bin/bin/../../lib/gcc/pic32mx/4.8.3/../../../../pic32mx/lib/./proc/32MX250F128B/crt0_mips32r2.o (_general_exception_context)
c:/program files (x86)/microchip/xc32/v2.05/bin/bin/../../lib/gcc/pic32mx/4.8.3/../../../../pic32mx/lib\libpic32.a(vector0.o)
                              c:/program files (x86)/microchip/xc32/v2.05/bin/bin/../../lib/gcc/pic32mx/4.8.3/../../../../pic32mx/lib/./proc/32MX250F128B\default_isr_vectors.o (__vector_dispatch_0)
c:/program files (x86)/microchip/xc32/v2.05/bin/bin/../../lib/gcc/pic32mx/4.8.3/../../../../pic32mx/lib\libpic32.a(vector1.o)
                              c:/program files (x86)/microchip/xc32/v2.05/bin/bin/../../lib/gcc/pic32mx/4.8.3/../../../../pic32mx/lib/./proc/32MX250F128B\default_isr_vectors.o (__vector_dispatch_1)
c:/program files (x86)/microchip/xc32/v2.05/bin/bin/../../lib/gcc/pic32mx/4.8.3/../../../../pic32mx/lib\libpic32.a(vector2.o)
                              c:/program files (x86)/microchip/xc32/v2.05/bin/bin/../../lib/gcc/pic32mx/4.8.3/../../../../pic32mx/lib/./proc/32MX250F128B\default_isr_vectors.o (__vector_dispatch_2)
c:/program files (x86)/microchip/xc32/v2.05/bin/bin/../../lib/gcc/pic32mx/4.8.3/../../../../pic32mx/lib\libpic32.a(vector3.o)
[...]
Memory Configuration

Name             Origin             Length             Attributes
kseg0_program_mem 0x9d000000         0x0001f000         xr
exception_mem    0x9d01f000         0x00001000
debug_exec_mem   0x9fc00490         0x00000760
kseg0_boot_mem   0x9fc00490         0x00000000
kseg1_boot_mem   0xbfc00000         0x00000490
config3          0xbfc00bf0         0x00000004
config2          0xbfc00bf4         0x00000004
config1          0xbfc00bf8         0x00000004
config0          0xbfc00bfc         0x00000004
kseg1_data_mem   0xa0000000         0x00008000         w !x
sfrs             0xbf800000         0x00100000
configsfrs       0xbfc00bf0         0x00000010
*default*        0x00000000         0xffffffff

Linker script and memory map

LOAD c:/program files (x86)/microchip/xc32/v2.05/bin/bin/../../lib/gcc/pic32mx/4.8.3/../../../../pic32mx/lib/./proc/32MX250F128B/crt0_mips32r2.o
LOAD c:/program files (x86)/microchip/xc32/v2.05/bin/bin/../../lib/gcc/pic32mx/4.8.3/../../../../pic32mx/lib\debug-exception-return.o
LOAD build/default/production/_ext/1033338590/adc_intf.o
LOAD build/default/production/_ext/1033338590/calculator_fsm.o
LOAD build/default/production/_ext/1033338590/glcdfont.o
LOAD build/default/production/_ext/1033338590/glcfont.o
LOAD build/default/production/_ext/1033338590/lcd_gui.o
LOAD build/default/production/_ext/1033338590/main.o
LOAD build/default/production/_ext/1033338590/reading_interpreter.o
LOAD build/default/production/_ext/1033338590/tft_gfx.o
LOAD build/default/production/_ext/1033338590/tft_master.o
LOAD build/default/production/_ext/1033338590/ts_lcd.o
LOAD build/default/production/_ext/1033338590/TouchScreen.o
                0x00000001                __MPLAB_BUILD = 0x1
LOAD c:/program files (x86)/microchip/xc32/v2.05/bin/bin/../../lib/gcc/pic32mx/4.8.3/../../../../pic32mx/lib/./proc/32MX250F128B\default_isr_vectors.o
LOAD c:/program files (x86)/microchip/xc32/v2.05/bin/bin/../../lib/gcc/pic32mx/4.8.3/../../../../pic32mx/lib\pic32_software_reset.o
                0x00000400                PROVIDE (_min_stack_size, 0x400)
LOAD c:/program files (x86)/microchip/xc32/v2.05/bin/bin/../../lib/gcc/pic32mx/4.8.3/../../../../pic32mx/lib/./proc/32MX250F128B\processor.o
START GROUP
LOAD c:/program files (x86)/microchip/xc32/v2.05/bin/bin/../../lib/gcc/pic32mx/4.8.3/../../../../pic32mx/lib\libmchp_peripheral.a
END GROUP
START GROUP
LOAD c:/program files (x86)/microchip/xc32/v2.05/bin/bin/../../lib/gcc/pic32mx/4.8.3/../../../../pic32mx/lib\libmchp_peripheral_32MX250F128B.a
END GROUP
                0x00000001                PROVIDE (_vector_spacing, 0x1)
                0x9d01f000                PROVIDE (_ebase_address, 0x9d01f000)
                0xbfc00000                _RESET_ADDR = 0xbfc00000
                0xbfc00380                _BEV_EXCPT_ADDR = 0xbfc00380
                0xbfc00480                _DBG_EXCPT_ADDR = 0xbfc00480
                0x9fc00490                _DBG_CODE_ADDR = 0x9fc00490
                0x00000760                _DBG_CODE_SIZE = 0x760
                0x9d01f180                _GEN_EXCPT_ADDR = (_ebase_address + 0x180)

.config_BFC00BF0
 *(.config_BFC00BF0)

.config_BFC00BF4
                0xbfc00bf4        0x4
 *(.config_BFC00BF4)
 .config_BFC00BF4
                0xbfc00bf4        0x4 build/default/production/_ext/1033338590/main.o

.config_BFC00BF8
                0xbfc00bf8        0x4
 *(.config_BFC00BF8)
 .config_BFC00BF8
                0xbfc00bf8        0x4 build/default/production/_ext/1033338590/main.o

.config_BFC00BFC
                0xbfc00bfc        0x4
 *(.config_BFC00BFC)
 .config_BFC00BFC
                0xbfc00bfc        0x4 build/default/production/_ext/1033338590/main.o
                0xbfc02000                PROVIDE (_DBG_CODE_ADDR, 0xbfc02000)
                0x00000ff0                PROVIDE (_DBG_CODE_SIZE, 0xff0)

.reset          0xbfc00000      0x1e4
 *(.reset)
 .reset         0xbfc00000        0x8 c:/program files (x86)/microchip/xc32/v2.05/bin/bin/../../lib/gcc/pic32mx/4.8.3/../../../../pic32mx/lib/./proc/32MX250F128B/crt0_mips32r2.o
                0xbfc00000                _reset
 *(.reset.startup)
 .reset.startup
                0xbfc00008      0x1dc c:/program files (x86)/microchip/xc32/v2.05/bin/bin/../../lib/gcc/pic32mx/4.8.3/../../../../pic32mx/lib/./proc/32MX250F128B/crt0_mips32r2.o
                0xbfc00008                _startup

.bev_excpt      0xbfc00380       0x10
 *(.bev_handler)
 .bev_handler   0xbfc00380       0x10 c:/program files (x86)/microchip/xc32/v2.05/bin/bin/../../lib/gcc/pic32mx/4.8.3/../../../../pic32mx/lib/./proc/32MX250F128B/crt0_mips32r2.o

.dbg_excpt      0xbfc00480        0x0
                0xbfc00480                . = (. + DEFINED (_DEBUGGER)?0x8:0x0)

.dbg_code       0x9fc00490        0x0
                0x9fc00490                . = (. + DEFINED (_DEBUGGER)?_DBG_CODE_SIZE:0x0)

.app_excpt      0x9d01f180       0x10
 *(.gen_handler)
 .gen_handler   0x9d01f180       0x10 c:/program files (x86)/microchip/xc32/v2.05/bin/bin/../../lib/gcc/pic32mx/4.8.3/../../../../pic32mx/lib/./proc/32MX250F128B/crt0_mips32r2.o

.vector_0       0x9d01f200        0x8
 *(.vector_0)
 .vector_0      0x9d01f200        0x8 c:/program files (x86)/microchip/xc32/v2.05/bin/bin/../../lib/gcc/pic32mx/4.8.3/../../../../pic32mx/lib\libpic32.a(vector0.o)
                0x9d01f200                __vector_dispatch_0
                0x00000001                ASSERT (((_vector_spacing == 0x0) || (SIZEOF (.vector_0) <= (_vector_spacing << 0x5))), function at exception vector 0 too large)

.vector_1       0x9d01f220        0x8
 *(.vector_1)
 .vector_1      0x9d01f220        0x8 c:/program files (x86)/microchip/xc32/v2.05/bin/bin/../../lib/gcc/pic32mx/4.8.3/../../../../pic32mx/lib\libpic32.a(vector1.o)
                0x9d01f220                __vector_dispatch_1
                0x00000001                ASSERT (((_vector_spacing == 0x0) || (SIZEOF (.vector_1) <= (_vector_spacing << 0x5))), function at exception vector 1 too large)

.vector_2       0x9d01f240        0x8
 *(.vector_2)
 .vector_2      0x9d01f240        0x8 c:/program files (x86)/microchip/xc32/v2.05/bin/bin/../../lib/gcc/pic32mx/4.8.3/../../../../pic32mx/lib\libpic32.a(vector2.o)
                0x9d01f240                __vector_dispatch_2
                0x00000001                ASSERT (((_vector_spacing == 0x0) || (SIZEOF (.vector_2) <= (_vector_spacing << 0x5))), function at exception vector 2 too large)

.vector_3       0x9d01f260        0x8
 *(.vector_3)
 .vector_3      0x9d01f260        0x8 c:/program files (x86)/microchip/xc32/v2.05/bin/bin/../../lib/gcc/pic32mx/4.8.3/../../../../pic32mx/lib\libpic32.a(vector3.o)
                0x9d01f260                __vector_dispatch_3
                0x00000001                ASSERT (((_vector_spacing == 0x0) || (SIZEOF (.vector_3) <= (_vector_spacing << 0x5))), function at exception vector 3 too large)

.vector_4       0x9d01f280        0x8
 *(.vector_4)
 .vector_4      0x9d01f280        0x8 c:/program files (x86)/microchip/xc32/v2.05/bin/bin/../../lib/gcc/pic32mx/4.8.3/../../../../pic32mx/lib\libpic32.a(vector4.o)
                0x9d01f280                __vector_dispatch_4
                0x00000001                ASSERT (((_vector_spacing == 0x0) || (SIZEOF (.vector_4) <= (_vector_spacing << 0x5))), function at exception vector 4 too large)

.vector_5       0x9d01f2a0        0x8
 *(.vector_5)
 .vector_5      0x9d01f2a0        0x8 c:/program files (x86)/microchip/xc32/v2.05/bin/bin/../../lib/gcc/pic32mx/4.8.3/../../../../pic32mx/lib\libpic32.a(vector5.o)
                0x9d01f2a0                __vector_dispatch_5
                0x00000001                ASSERT (((_vector_spacing == 0x0) || (SIZEOF (.vector_5) <= (_vector_spacing << 0x5))), function at exception vector 5 too large)

.vector_6       0x9d01f2c0        0x8
 *(.vector_6)
 .vector_6      0x9d01f2c0        0x8 c:/program files (x86)/microchip/xc32/v2.05/bin/bin/../../lib/gcc/pic32mx/4.8.3/../../../../pic32mx/lib\libpic32.a(vector6.o)
                0x9d01f2c0                __vector_dispatch_6
                0x00000001                ASSERT (((_vector_spacing == 0x0) || (SIZEOF (.vector_6) <= (_vector_spacing << 0x5))), function at exception vector 6 too large)

.vector_7       0x9d01f2e0        0x8
 *(.vector_7)
 .vector_7      0x9d01f2e0        0x8 c:/program files (x86)/microchip/xc32/v2.05/bin/bin/../../lib/gcc/pic32mx/4.8.3/../../../../pic32mx/lib\libpic32.a(vector7.o)
                0x9d01f2e0                __vector_dispatch_7
                0x00000001                ASSERT (((_vector_spacing == 0x0) || (SIZEOF (.vector_7) <= (_vector_spacing << 0x5))), function at exception vector 7 too large)

.vector_8       0x9d01f300        0x8
 *(.vector_8)
 .vector_8      0x9d01f300        0x8 c:/program files (x86)/microchip/xc32/v2.05/bin/bin/../../lib/gcc/pic32mx/4.8.3/../../../../pic32mx/lib\libpic32.a(vector8.o)
                0x9d01f300                __vector_dispatch_8
                0x00000001                ASSERT (((_vector_spacing == 0x0) || (SIZEOF (.vector_8) <= (_vector_spacing << 0x5))), function at exception vector 8 too large)

.vector_9       0x9d01f320        0x8
 *(.vector_9)
 .vector_9      0x9d01f320        0x8 c:/program files (x86)/microchip/xc32/v2.05/bin/bin/../../lib/gcc/pic32mx/4.8.3/../../../../pic32mx/lib\libpic32.a(vector9.o)
                0x9d01f320                __vector_dispatch_9
                0x00000001                ASSERT (((_vector_spacing == 0x0) || (SIZEOF (.vector_9) <= (_vector_spacing << 0x5))), function at exception vector 9 too large)

.vector_10      0x9d01f340        0x8
 *(.vector_10)
 .vector_10     0x9d01f340        0x8 c:/program files (x86)/microchip/xc32/v2.05/bin/bin/../../lib/gcc/pic32mx/4.8.3/../../../../pic32mx/lib\libpic32.a(vector10.o)
                0x9d01f340                __vector_dispatch_10
                0x00000001                ASSERT (((_vector_spacing == 0x0) || (SIZEOF (.vector_10) <= (_vector_spacing << 0x5))), function at exception vector 10 too large)

.vector_11      0x9d01f360        0x8
 *(.vector_11)
 .vector_11     0x9d01f360        0x8 c:/program files (x86)/microchip/xc32/v2.05/bin/bin/../../lib/gcc/pic32mx/4.8.3/../../../../pic32mx/lib\libpic32.a(vector11.o)
                0x9d01f360                __vector_dispatch_11
                0x00000001                ASSERT (((_vector_spacing == 0x0) || (SIZEOF (.vector_11) <= (_vector_spacing << 0x5))), function at exception vector 11 too large)

.vector_12      0x9d01f380        0x8
 *(.vector_12)
 .vector_12     0x9d01f380        0x8 c:/program files (x86)/microchip/xc32/v2.05/bin/bin/../../lib/gcc/pic32mx/4.8.3/../../../../pic32mx/lib\libpic32.a(vector12.o)
                0x9d01f380                __vector_dispatch_12
                0x00000001                ASSERT (((_vector_spacing == 0x0) || (SIZEOF (.vector_12) <= (_vector_spacing << 0x5))), function at exception vector 12 too large)

.vector_13      0x9d01f3a0        0x8
 *(.vector_13)
 .vector_13     0x9d01f3a0        0x8 c:/program files (x86)/microchip/xc32/v2.05/bin/bin/../../lib/gcc/pic32mx/4.8.3/../../../../pic32mx/lib\libpic32.a(vector13.o)
                0x9d01f3a0                __vector_dispatch_13
                0x00000001                ASSERT (((_vector_spacing == 0x0) || (SIZEOF (.vector_13) <= (_vector_spacing << 0x5))), function at exception vector 13 too large)

.vector_14      0x9d01f3c0        0x8
 *(.vector_14)
 .vector_14     0x9d01f3c0        0x8 c:/program files (x86)/microchip/xc32/v2.05/bin/bin/../../lib/gcc/pic32mx/4.8.3/../../../../pic32mx/lib\libpic32.a(vector14.o)
                0x9d01f3c0                __vector_dispatch_14
                0x00000001                ASSERT (((_vector_spacing == 0x0) || (SIZEOF (.vector_14) <= (_vector_spacing << 0x5))), function at exception vector 14 too large)

.vector_15      0x9d01f3e0        0x8
 *(.vector_15)
 .vector_15     0x9d01f3e0        0x8 c:/program files (x86)/microchip/xc32/v2.05/bin/bin/../../lib/gcc/pic32mx/4.8.3/../../../../pic32mx/lib\libpic32.a(vector15.o)
                0x9d01f3e0                __vector_dispatch_15
                0x00000001                ASSERT (((_vector_spacing == 0x0) || (SIZEOF (.vector_15) <= (_vector_spacing << 0x5))), function at exception vector 15 too large)

.vector_16      0x9d01f400        0x8
 *(.vector_16)
 .vector_16     0x9d01f400        0x8 c:/program files (x86)/microchip/xc32/v2.05/bin/bin/../../lib/gcc/pic32mx/4.8.3/../../../../pic32mx/lib\libpic32.a(vector16.o)
                0x9d01f400                __vector_dispatch_16
                0x00000001                ASSERT (((_vector_spacing == 0x0) || (SIZEOF (.vector_16) <= (_vector_spacing << 0x5))), function at exception vector 16 too large)

.vector_17      0x9d01f420        0x8
 *(.vector_17)
 .vector_17     0x9d01f420        0x8 c:/program files (x86)/microchip/xc32/v2.05/bin/bin/../../lib/gcc/pic32mx/4.8.3/../../../../pic32mx/lib\libpic32.a(vector17.o)
                0x9d01f420                __vector_dispatch_17
                0x00000001                ASSERT (((_vector_spacing == 0x0) || (SIZEOF (.vector_17) <= (_vector_spacing << 0x5))), function at exception vector 17 too large)

.vector_18      0x9d01f440        0x8
 *(.vector_18)
 .vector_18     0x9d01f440        0x8 c:/program files (x86)/microchip/xc32/v2.05/bin/bin/../../lib/gcc/pic32mx/4.8.3/../../../../pic32mx/lib\libpic32.a(vector18.o)
                0x9d01f440                __vector_dispatch_18
                0x00000001                ASSERT (((_vector_spacing == 0x0) || (SIZEOF (.vector_18) <= (_vector_spacing << 0x5))), function at exception vector 18 too large)

.vector_19      0x9d01f460        0x8
 *(.vector_19)
 .vector_19     0x9d01f460        0x8 c:/program files (x86)/microchip/xc32/v2.05/bin/bin/../../lib/gcc/pic32mx/4.8.3/../../../../pic32mx/lib\libpic32.a(vector19.o)
                0x9d01f460                __vector_dispatch_19
                0x00000001                ASSERT (((_vector_spacing == 0x0) || (SIZEOF (.vector_19) <= (_vector_spacing << 0x5))), function at exception vector 19 too large)

.vector_20      0x9d01f480        0x8
 *(.vector_20)
 .vector_20     0x9d01f480        0x8 c:/program files (x86)/microchip/xc32/v2.05/bin/bin/../../lib/gcc/pic32mx/4.8.3/../../../../pic32mx/lib\libpic32.a(vector20.o)
                0x9d01f480                __vector_dispatch_20
                0x00000001                ASSERT (((_vector_spacing == 0x0) || (SIZEOF (.vector_20) <= (_vector_spacing << 0x5))), function at exception vector 20 too large)

.vector_21      0x9d01f4a0        0x8
 *(.vector_21)
 .vector_21     0x9d01f4a0        0x8 c:/program files (x86)/microchip/xc32/v2.05/bin/bin/../../lib/gcc/pic32mx/4.8.3/../../../../pic32mx/lib\libpic32.a(vector21.o)
                0x9d01f4a0                __vector_dispatch_21
                0x00000001                ASSERT (((_vector_spacing == 0x0) || (SIZEOF (.vector_21) <= (_vector_spacing << 0x5))), function at exception vector 21 too large)

.vector_22      0x9d01f4c0        0x8
 *(.vector_22)
 .vector_22     0x9d01f4c0        0x8 c:/program files (x86)/microchip/xc32/v2.05/bin/bin/../../lib/gcc/pic32mx/4.8.3/../../../../pic32mx/lib\libpic32.a(vector22.o)
                0x9d01f4c0                __vector_dispatch_22
                0x00000001                ASSERT (((_vector_spacing == 0x0) || (SIZEOF (.vector_22) <= (_vector_spacing << 0x5))), function at exception vector 22 too large)

.vector_23      0x9d01f4e0        0x8
 *(.vector_23)
 .vector_23     0x9d01f4e0        0x8 c:/program files (x86)/microchip/xc32/v2.05/bin/bin/../../lib/gcc/pic32mx/4.8.3/../../../../pic32mx/lib\libpic32.a(vector23.o)
                0x9d01f4e0                __vector_dispatch_23
                0x00000001                ASSERT (((_vector_spacing == 0x0) || (SIZEOF (.vector_23) <= (_vector_spacing << 0x5))), function at exception vector 23 too large)

.vector_24      0x9d01f500        0x8
 *(.vector_24)
 .vector_24     0x9d01f500        0x8 c:/program files (x86)/microchip/xc32/v2.05/bin/bin/../../lib/gcc/pic32mx/4.8.3/../../../../pic32mx/lib\libpic32.a(vector24.o)
                0x9d01f500                __vector_dispatch_24
                0x00000001                ASSERT (((_vector_spacing == 0x0) || (SIZEOF (.vector_24) <= (_vector_spacing << 0x5))), function at exception vector 24 too large)

.vector_25      0x9d01f520        0x8
 *(.vector_25)
 .vector_25     0x9d01f520        0x8 c:/program files (x86)/microchip/xc32/v2.05/bin/bin/../../lib/gcc/pic32mx/4.8.3/../../../../pic32mx/lib\libpic32.a(vector25.o)
                0x9d01f520                __vector_dispatch_25
                0x00000001                ASSERT (((_vector_spacing == 0x0) || (SIZEOF (.vector_25) <= (_vector_spacing << 0x5))), function at exception vector 25 too large)

.vector_26      0x9d01f540        0x8
 *(.vector_26)
 .vector_26     0x9d01f540        0x8 c:/program files (x86)/microchip/xc32/v2.05/bin/bin/../../lib/gcc/pic32mx/4.8.3/../../../../pic32mx/lib\libpic32.a(vector26.o)
                0x9d01f540                __vector_dispatch_26
                0x00000001                ASSERT (((_vector_spacing == 0x0) || (SIZEOF (.vector_26) <= (_vector_spacing << 0x5))), function at exception vector 26 too large)

.vector_27      0x9d01f560        0x8
 *(.vector_27)
 .vector_27     0x9d01f560        0x8 c:/program files (x86)/microchip/xc32/v2.05/bin/bin/../../lib/gcc/pic32mx/4.8.3/../../../../pic32mx/lib\libpic32.a(vector27.o)
                0x9d01f560                __vector_dispatch_27
                0x00000001                ASSERT (((_vector_spacing == 0x0) || (SIZEOF (.vector_27) <= (_vector_spacing << 0x5))), function at exception vector 27 too large)

.vector_28      0x9d01f580        0x8
 *(.vector_28)
 .vector_28     0x9d01f580        0x8 c:/program files (x86)/microchip/xc32/v2.05/bin/bin/../../lib/gcc/pic32mx/4.8.3/../../../../pic32mx/lib\libpic32.a(vector28.o)
                0x9d01f580                __vector_dispatch_28
                0x00000001                ASSERT (((_vector_spacing == 0x0) || (SIZEOF (.vector_28) <= (_vector_spacing << 0x5))), function at exception vector 28 too large)

.vector_29      0x9d01f5a0        0x8
 *(.vector_29)
 .vector_29     0x9d01f5a0        0x8 c:/program files (x86)/microchip/xc32/v2.05/bin/bin/../../lib/gcc/pic32mx/4.8.3/../../../../pic32mx/lib\libpic32.a(vector29.o)
                0x9d01f5a0                __vector_dispatch_29
                0x00000001                ASSERT (((_vector_spacing == 0x0) || (SIZEOF (.vector_29) <= (_vector_spacing << 0x5))), function at exception vector 29 too large)

.vector_30      0x9d01f5c0        0x8
 *(.vector_30)
 .vector_30     0x9d01f5c0        0x8 c:/program files (x86)/microchip/xc32/v2.05/bin/bin/../../lib/gcc/pic32mx/4.8.3/../../../../pic32mx/lib\libpic32.a(vector30.o)
                0x9d01f5c0                __vector_dispatch_30
                0x00000001                ASSERT (((_vector_spacing == 0x0) || (SIZEOF (.vector_30) <= (_vector_spacing << 0x5))), function at exception vector 30 too large)

.vector_31      0x9d01f5e0        0x8
 *(.vector_31)
 .vector_31     0x9d01f5e0        0x8 c:/program files (x86)/microchip/xc32/v2.05/bin/bin/../../lib/gcc/pic32mx/4.8.3/../../../../pic32mx/lib\libpic32.a(vector31.o)
                0x9d01f5e0                __vector_dispatch_31
                0x00000001                ASSERT (((_vector_spacing == 0x0) || (SIZEOF (.vector_31) <= (_vector_spacing << 0x5))), function at exception vector 31 too large)

.vector_32      0x9d01f600        0x8
 *(.vector_32)
 .vector_32     0x9d01f600        0x8 c:/program files (x86)/microchip/xc32/v2.05/bin/bin/../../lib/gcc/pic32mx/4.8.3/../../../../pic32mx/lib\libpic32.a(vector32.o)
                0x9d01f600                __vector_dispatch_32
                0x00000001                ASSERT (((_vector_spacing == 0x0) || (SIZEOF (.vector_32) <= (_vector_spacing << 0x5))), function at exception vector 32 too large)

.vector_33      0x9d01f620        0x8
 *(.vector_33)
 .vector_33     0x9d01f620        0x8 c:/program files (x86)/microchip/xc32/v2.05/bin/bin/../../lib/gcc/pic32mx/4.8.3/../../../../pic32mx/lib\libpic32.a(vector33.o)
                0x9d01f620                __vector_dispatch_33
                0x00000001                ASSERT (((_vector_spacing == 0x0) || (SIZEOF (.vector_33) <= (_vector_spacing << 0x5))), function at exception vector 33 too large)

.vector_34      0x9d01f640        0x8
 *(.vector_34)
 .vector_34     0x9d01f640        0x8 c:/program files (x86)/microchip/xc32/v2.05/bin/bin/../../lib/gcc/pic32mx/4.8.3/../../../../pic32mx/lib\libpic32.a(vector34.o)
                0x9d01f640                __vector_dispatch_34
                0x00000001                ASSERT (((_vector_spacing == 0x0) || (SIZEOF (.vector_34) <= (_vector_spacing << 0x5))), function at exception vector 34 too large)

.vector_35      0x9d01f660        0x8
 *(.vector_35)
 .vector_35     0x9d01f660        0x8 c:/program files (x86)/microchip/xc32/v2.05/bin/bin/../../lib/gcc/pic32mx/4.8.3/../../../../pic32mx/lib\libpic32.a(vector35.o)
                0x9d01f660                __vector_dispatch_35
                0x00000001                ASSERT (((_vector_spacing == 0x0) || (SIZEOF (.vector_35) <= (_vector_spacing << 0x5))), function at exception vector 35 too large)

.vector_36      0x9d01f680        0x8
 *(.vector_36)
 .vector_36     0x9d01f680        0x8 c:/program files (x86)/microchip/xc32/v2.05/bin/bin/../../lib/gcc/pic32mx/4.8.3/../../../../pic32mx/lib\libpic32.a(vector36.o)
                0x9d01f680                __vector_dispatch_36
                0x00000001                ASSERT (((_vector_spacing == 0x0) || (SIZEOF (.vector_36) <= (_vector_spacing << 0x5))), function at exception vector 36 too large)

.vector_37      0x9d01f6a0        0x8
 *(.vector_37)
 .vector_37     0x9d01f6a0        0x8 c:/program files (x86)/microchip/xc32/v2.05/bin/bin/../../lib/gcc/pic32mx/4.8.3/../../../../pic32mx/lib\libpic32.a(vector37.o)
                0x9d01f6a0                __vector_dispatch_37
                0x00000001                ASSERT (((_vector_spacing == 0x0) || (SIZEOF (.vector_37) <= (_vector_spacing << 0x5))), function at exception vector 37 too large)

.vector_38      0x9d01f6c0        0x8
 *(.vector_38)
 .vector_38     0x9d01f6c0        0x8 c:/program files (x86)/microchip/xc32/v2.05/bin/bin/../../lib/gcc/pic32mx/4.8.3/../../../../pic32mx/lib\libpic32.a(vector38.o)
                0x9d01f6c0                __vector_dispatch_38
                0x00000001                ASSERT (((_vector_spacing == 0x0) || (SIZEOF (.vector_38) <= (_vector_spacing << 0x5))), function at exception vector 38 too large)

.vector_39      0x9d01f6e0        0x8
 *(.vector_39)
 .vector_39     0x9d01f6e0        0x8 c:/program files (x86)/microchip/xc32/v2.05/bin/bin/../../lib/gcc/pic32mx/4.8.3/../../../../pic32mx/lib\libpic32.a(vector39.o)
                0x9d01f6e0                __vector_dispatch_39
                0x00000001                ASSERT (((_vector_spacing == 0x0) || (SIZEOF (.vector_39) <= (_vector_spacing << 0x5))), function at exception vector 39 too large)

.vector_40      0x9d01f700        0x8
 *(.vector_40)
 .vector_40     0x9d01f700        0x8 c:/program files (x86)/microchip/xc32/v2.05/bin/bin/../../lib/gcc/pic32mx/4.8.3/../../../../pic32mx/lib\libpic32.a(vector40.o)
                0x9d01f700                __vector_dispatch_40
                0x00000001                ASSERT (((_vector_spacing == 0x0) || (SIZEOF (.vector_40) <= (_vector_spacing << 0x5))), function at exception vector 40 too large)

.vector_41      0x9d01f720        0x8
 *(.vector_41)
 .vector_41     0x9d01f720        0x8 c:/program files (x86)/microchip/xc32/v2.05/bin/bin/../../lib/gcc/pic32mx/4.8.3/../../../../pic32mx/lib\libpic32.a(vector41.o)
                0x9d01f720                __vector_dispatch_41
                0x00000001                ASSERT (((_vector_spacing == 0x0) || (SIZEOF (.vector_41) <= (_vector_spacing << 0x5))), function at exception vector 41 too large)

.vector_42      0x9d01f740        0x8
 *(.vector_42)
 .vector_42     0x9d01f740        0x8 c:/program files (x86)/microchip/xc32/v2.05/bin/bin/../../lib/gcc/pic32mx/4.8.3/../../../../pic32mx/lib\libpic32.a(vector42.o)
                0x9d01f740                __vector_dispatch_42
                0x00000001                ASSERT (((_vector_spacing == 0x0) || (SIZEOF (.vector_42) <= (_vector_spacing << 0x5))), function at exception vector 42 too large)

.vector_43      0x9d01f760        0x8
 *(.vector_43)
 .vector_43     0x9d01f760        0x8 c:/program files (x86)/microchip/xc32/v2.05/bin/bin/../../lib/gcc/pic32mx/4.8.3/../../../../pic32mx/lib\libpic32.a(vector43.o)
                0x9d01f760                __vector_dispatch_43
                0x00000001                ASSERT (((_vector_spacing == 0x0) || (SIZEOF (.vector_43) <= (_vector_spacing << 0x5))), function at exception vector 43 too large)

.vector_44      0x9d01f780        0x0
 *(.vector_44)
                0x00000001                ASSERT (((_vector_spacing == 0x0) || (SIZEOF (.vector_44) <= (_vector_spacing << 0x5))), function at exception vector 44 too large)

.vector_45      0x9d01f7a0        0x0
 *(.vector_45)
                0x00000001                ASSERT (((_vector_spacing == 0x0) || (SIZEOF (.vector_45) <= (_vector_spacing << 0x5))), function at exception vector 45 too large)

.vector_46      0x9d01f7c0        0x0
 *(.vector_46)
                0x00000001                ASSERT (((_vector_spacing == 0x0) || (SIZEOF (.vector_46) <= (_vector_spacing << 0x5))), function at exception vector 46 too large)

.vector_47      0x9d01f7e0        0x0
 *(.vector_47)
                0x00000001                ASSERT (((_vector_spacing == 0x0) || (SIZEOF (.vector_47) <= (_vector_spacing << 0x5))), function at exception vector 47 too large)

.vector_48      0x9d01f800        0x0
 *(.vector_48)
                0x00000001                ASSERT (((_vector_spacing == 0x0) || (SIZEOF (.vector_48) <= (_vector_spacing << 0x5))), function at exception vector 48 too large)

.vector_49      0x9d01f820        0x0
 *(.vector_49)
                0x00000001                ASSERT (((_vector_spacing == 0x0) || (SIZEOF (.vector_49) <= (_vector_spacing << 0x5))), function at exception vector 49 too large)

.vector_50      0x9d01f840        0x0
 *(.vector_50)
                0x00000001                ASSERT (((_vector_spacing == 0x0) || (SIZEOF (.vector_50) <= (_vector_spacing << 0x5))), function at exception vector 50 too large)

.vector_51      0x9d01f860        0x0
 *(.vector_51)
                0x00000001                ASSERT (((_vector_spacing == 0x0) || (SIZEOF (.vector_51) <= (_vector_spacing << 0x5))), function at exception vector 51 too large)

.vector_52      0x9d01f880        0x0
 *(.vector_52)
                0x00000001                ASSERT (((_vector_spacing == 0x0) || (SIZEOF (.vector_52) <= (_vector_spacing << 0x5))), function at exception vector 52 too large)

.vector_53      0x9d01f8a0        0x0
 *(.vector_53)
                0x00000001                ASSERT (((_vector_spacing == 0x0) || (SIZEOF (.vector_53) <= (_vector_spacing << 0x5))), function at exception vector 53 too large)

.vector_54      0x9d01f8c0        0x0
 *(.vector_54)
                0x00000001                ASSERT (((_vector_spacing == 0x0) || (SIZEOF (.vector_54) <= (_vector_spacing << 0x5))), function at exception vector 54 too large)

.vector_55      0x9d01f8e0        0x0
 *(.vector_55)
                0x00000001                ASSERT (((_vector_spacing == 0x0) || (SIZEOF (.vector_55) <= (_vector_spacing << 0x5))), function at exception vector 55 too large)

.vector_56      0x9d01f900        0x0
 *(.vector_56)
                0x00000001                ASSERT (((_vector_spacing == 0x0) || (SIZEOF (.vector_56) <= (_vector_spacing << 0x5))), function at exception vector 56 too large)

.vector_57      0x9d01f920        0x0
 *(.vector_57)
                0x00000001                ASSERT (((_vector_spacing == 0x0) || (SIZEOF (.vector_57) <= (_vector_spacing << 0x5))), function at exception vector 57 too large)

.vector_58      0x9d01f940        0x0
 *(.vector_58)
                0x00000001                ASSERT (((_vector_spacing == 0x0) || (SIZEOF (.vector_58) <= (_vector_spacing << 0x5))), function at exception vector 58 too large)

.vector_59      0x9d01f960        0x0
 *(.vector_59)
                0x00000001                ASSERT (((_vector_spacing == 0x0) || (SIZEOF (.vector_59) <= (_vector_spacing << 0x5))), function at exception vector 59 too large)

.vector_60      0x9d01f980        0x0
 *(.vector_60)
                0x00000001                ASSERT (((_vector_spacing == 0x0) || (SIZEOF (.vector_60) <= (_vector_spacing << 0x5))), function at exception vector 60 too large)

.vector_61      0x9d01f9a0        0x0
 *(.vector_61)
                0x00000001                ASSERT (((_vector_spacing == 0x0) || (SIZEOF (.vector_61) <= (_vector_spacing << 0x5))), function at exception vector 61 too large)

.vector_62      0x9d01f9c0        0x0
 *(.vector_62)
                0x00000001                ASSERT (((_vector_spacing == 0x0) || (SIZEOF (.vector_62) <= (_vector_spacing << 0x5))), function at exception vector 62 too large)

.vector_63      0x9d01f9e0        0x0
 *(.vector_63)
                0x00000001                ASSERT (((_vector_spacing == 0x0) || (SIZEOF (.vector_63) <= (_vector_spacing << 0x5))), function at exception vector 63 too large)

.startup
 *(.startup)

.text           0x9d000000        0x0
 *(.stub .gnu.linkonce.t.*)
 *(.text.*personality*)
 *(.mips16.fn.*)
 *(.mips16.call.*)
 *(.gnu.warning)
                0x9d000000                . = ALIGN (0x4)

.init           0x9d000000        0x0
 *crti.o(.init)
 *crtbegin.o(.init)
 *(EXCLUDE_FILE(*crtn.o *crtend?.o *crtend.o) .init)
 *crtend.o(.init)
 *crtn.o(.init)
                0x9d000000                . = ALIGN (0x4)

.fini           0x9d000000        0x0
 *(.fini)
                0x9d000000                . = ALIGN (0x4)

.preinit_array  0x9d000000        0x0
                0x9d000000                PROVIDE (__preinit_array_start, .)
 *(.preinit_array)
                0x9d000000                PROVIDE (__preinit_array_end, .)
                0x9d000000                . = ALIGN (0x4)

.init_array     0x9d000000        0x0
                0x9d000000                PROVIDE (__init_array_start, .)
 *(SORT(.init_array.*))
 *(.init_array)
                0x9d000000                PROVIDE (__init_array_end, .)
                0x9d000000                . = ALIGN (0x4)

.fini_array     0x9d000000        0x0
                0x9d000000                PROVIDE (__fini_array_start, .)
 *(SORT(.fini_array.*))
 *(.fini_array)
                0x9d000000                PROVIDE (__fini_array_end, .)
                0x9d000000                . = ALIGN (0x4)

.ctors          0x9d000000        0x0
 *crtbegin.o(.ctors)
 *crtbegin?.o(.ctors)
 *(EXCLUDE_FILE(*crtend?.o *crtend.o) .ctors)
 *(SORT(.ctors.*))
 *(.ctors)
                0x9d000000                . = ALIGN (0x4)

.dtors          0x9d000000        0x0
 *crtbegin.o(.dtors)
 *crtbegin?.o(.dtors)
 *(EXCLUDE_FILE(*crtend?.o *crtend.o) .dtors)
 *(SORT(.dtors.*))
 *(.dtors)
                0x9d000000                . = ALIGN (0x4)

.rodata         0x9d000000        0x0
 *(.gnu.linkonce.r.*)
 *(.rodata1)
                0x9d000000                . = ALIGN (0x4)

.sdata2         0x9fc00490        0x0
 *(.sdata2 .sdata2.* .gnu.linkonce.s2.*)
                0x9fc00490                . = ALIGN (0x4)

.sbss2          0x9fc00490        0x0
 *(.sbss2 .sbss2.* .gnu.linkonce.sb2.*)
                0x9fc00490                . = ALIGN (0x4)

.eh_frame_hdr
 *(.eh_frame_hdr)
                0x9fc00490                . = ALIGN (0x4)

.eh_frame
 *(.eh_frame)
                0x9fc00490                . = ALIGN (0x4)

.gcc_except_table
 *(.gcc_except_table .gcc_except_table.*)
                0x9fc00490                . = ALIGN (0x4)

.dbg_data       0xa0000000        0x0
                0xa0000000                . = (. + DEFINED (_DEBUGGER)?0x200:0x0)

.jcr            0xa0000000        0x0
 *(.jcr)
                0xa0000000                . = ALIGN (0x4)

.eh_frame
 *(.eh_frame)
                0xa0000000                . = ALIGN (0x4)

.gcc_except_table
 *(.gcc_except_table .gcc_except_table.*)
                0xa0000000                . = ALIGN (0x4)

.persist        0xa0000000        0x0
                0xa0000000                _persist_begin = .
 *(.persist .persist.*)
 *(.pbss .pbss.*)
                0xa0000000                . = ALIGN (0x4)
                0xa0000000                _persist_end = .

.data           0xa0000000        0x0
 *(.gnu.linkonce.d.*)
 *(.data1)
                0xa0000000                . = ALIGN (0x4)
                0xa0000000                . = .
                0xa0007ff0                _gp = (ALIGN (0x10) + 0x7ff0)

.got            0xa0000000        0x0
 *(.got.plt)
 *(.got)
                0xa0000000                . = ALIGN (0x4)

.sdata          0xa0000000       0x18
                0xa0000000                _sdata_begin = .
 *(.sdata .sdata.* .gnu.linkonce.s.*)
 .sdata         0xa0000000       0x10 build/default/production/_ext/1033338590/lcd_gui.o
                0xa0000000                red
                0xa0000004                blue
                0xa0000008                yellow
                0xa000000c                grey
 .sdata         0xa0000010        0x4 c:/program files (x86)/microchip/xc32/v2.05/bin/bin/../../lib/gcc/pic32mx/4.8.3/../../../../pic32mx/lib\liblega-c.a(_iobdata.o)
                0xa0000010                _libc_data
 .sdata         0xa0000014        0x4 c:/program files (x86)/microchip/xc32/v2.05/bin/bin/../../lib/gcc/pic32mx/4.8.3/../../../../pic32mx/lib\libpic32.a(xc32_uart.o)
                0xa0000014                __XC_UART
                0xa0000018                . = ALIGN (0x4)
                0xa0000018                _sdata_end = .

.lit8
 *(.lit8)

.lit4
 *(.lit4)
                0xa0000018                . = ALIGN (0x4)
                0xa0000018                _data_end = .
                0xa0000018                _bss_begin = .

.sbss           0xa0000018       0x38
                0xa0000018                _sbss_begin = .
 *(.dynsbss)
 *(.sbss .sbss.* .gnu.linkonce.sb.*)
 .sbss          0xa0000018        0x4 build/default/production/_ext/1033338590/calculator_fsm.o
 .sbss          0xa000001c        0x4 c:/program files (x86)/microchip/xc32/v2.05/bin/bin/../../lib/gcc/pic32mx/4.8.3/../../../../pic32mx/lib\liblega-c.a(errno.o)
                0xa000001c                errno
 *(.scommon)
 .scommon       0xa0000020       0x2e build/default/production/_ext/1033338590/calculator_fsm.o
                0xa0000020                op
                0xa0000024                arg2
                0xa0000028                in
                0xa000002c                cursor_y
                0xa0000030                arg1
                0xa0000034                rotation
                0xa0000038                result
                0xa000003c                _width
                0xa000003e                cursor_x
                0xa0000040                wrap
                0xa0000042                textsize
                0xa0000044                _height
                0xa0000046                textbgcolor
                0xa0000048                CLC_State
                0xa000004c                textcolor
 .scommon       0xa000004e        0x0 build/default/production/_ext/1033338590/lcd_gui.o
 .scommon       0xa000004e        0x0 build/default/production/_ext/1033338590/main.o
 .scommon       0xa000004e        0x0 build/default/production/_ext/1033338590/reading_interpreter.o
 .scommon       0xa000004e        0x0 build/default/production/_ext/1033338590/tft_gfx.o
 .scommon       0xa000004e        0x0 build/default/production/_ext/1033338590/tft_master.o
 .scommon       0xa000004e        0x0 build/default/production/_ext/1033338590/ts_lcd.o
                0xa000004e                _sbss_end = .
                0xa0000050                . = ALIGN (0x4)
 *fill*         0xa000004e        0x2 

.bss            0xa0000050      0x180
 *(.dynbss)
 *(COMMON)
 COMMON         0xa0000050      0x140 build/default/production/_ext/1033338590/calculator_fsm.o
                0xa0000050                out
                0xa0000090                btn
 COMMON         0xa0000190       0x40 build/default/production/_ext/1033338590/lcd_gui.o
                0xa0000190                debug
                0xa00001d0                . = ALIGN ((. != 0x0)?0x4:0x1)
                0xa00001d0                . = ALIGN (0x4)
                0xa00001d0                _end = .
                0xa00001d0                _bss_end = .
                0x00008000                _bmxdudba_address = 0x8000
                0x00008000                _bmxdupba_address = 0x8000

/DISCARD/
 *(.pdr)
 *(.rel.dyn)
 *(.note.GNU-stack)
 *(.note.GNU-stack)
 *(.gnu_debuglink)
 *(.gnu.lto_*)
 *(.discard)

.gptab.sdata
 *(.gptab.data)
 *(.gptab.sdata)

.gptab.sbss
 *(.gptab.bss)
 *(.gptab.sbss)

.mdebug.abi32   0xa00001d0        0x0
 *(.mdebug.abi32)
 .mdebug.abi32  0xa00001d0        0x0 build/default/production/_ext/1033338590/adc_intf.o
 .mdebug.abi32  0xa00001d0        0x0 build/default/production/_ext/1033338590/calculator_fsm.o
 .mdebug.abi32  0xa00001d0        0x0 build/default/production/_ext/1033338590/glcdfont.o
 .mdebug.abi32  0xa00001d0        0x0 build/default/production/_ext/1033338590/glcfont.o
 .mdebug.abi32  0xa00001d0        0x0 build/default/production/_ext/1033338590/lcd_gui.o
 .mdebug.abi32  0xa00001d0        0x0 build/default/production/_ext/1033338590/main.o
 .mdebug.abi32  0xa00001d0        0x0 build/default/production/_ext/1033338590/reading_interpreter.o
 .mdebug.abi32  0xa00001d0        0x0 build/default/production/_ext/1033338590/tft_gfx.o
 .mdebug.abi32  0xa00001d0        0x0 build/default/production/_ext/1033338590/tft_master.o
 .mdebug.abi32  0xa00001d0        0x0 build/default/production/_ext/1033338590/ts_lcd.o
 .mdebug.abi32  0xa00001d0        0x0 build/default/production/_ext/1033338590/TouchScreen.o
 .mdebug.abi32  0xa00001d0        0x0 c:/program files (x86)/microchip/xc32/v2.05/bin/bin/../../lib/gcc/pic32mx/4.8.3/../../../../pic32mx/lib\libmchp_peripheral.a(read_core_timer_lib.o)
 .mdebug.abi32  0xa00001d0        0x0 c:/program files (x86)/microchip/xc32/v2.05/bin/bin/../../lib/gcc/pic32mx/4.8.3/../../../../pic32mx/lib\libmchp_peripheral.a(write_core_timer_lib.o)
 .mdebug.abi32  0xa00001d0        0x0 c:/program files (x86)/microchip/xc32/v2.05/bin/bin/../../lib/gcc/pic32mx/4.8.3/../../../../pic32mx/lib\libmchp_peripheral_32MX250F128B.a(int_disable_interrupts_lib.o)
 .mdebug.abi32  0xa00001d0        0x0 c:/program files (x86)/microchip/xc32/v2.05/bin/bin/../../lib/gcc/pic32mx/4.8.3/../../../../pic32mx/lib\libmchp_peripheral_32MX250F128B.a(int_restore_interrupts_lib.o)
 .mdebug.abi32  0xa00001d0        0x0 c:/program files (x86)/microchip/xc32/v2.05/bin/bin/../../lib/gcc/pic32mx/4.8.3/../../../../pic32mx/lib\libmchp_peripheral_32MX250F128B.a(spi_chn_open_lib.o)
 .mdebug.abi32  0xa00001d0        0x0 c:/program files (x86)/microchip/xc32/v2.05/bin/bin/../../lib/gcc/pic32mx/4.8.3/../../../../pic32mx/lib\libmchp_peripheral_32MX250F128B.a(spi_map_tbl_libp.o)
 .mdebug.abi32  0xa00001d0        0x0 c:/program files (x86)/microchip/xc32/v2.05/bin/bin/../../lib/gcc/pic32mx/4.8.3/../../../../pic32mx/lib\libmchp_peripheral_32MX250F128B.a(int_tbl_lib.o)
 .mdebug.abi32  0xa00001d0        0x0 c:/program files (x86)/microchip/xc32/v2.05/bin/bin/../../lib/gcc/pic32mx/4.8.3/../../../../pic32mx/lib\libpic32.a(default-bootstrap-exception-handler.o)
 .mdebug.abi32  0xa00001d0        0x0 c:/program files (x86)/microchip/xc32/v2.05/bin/bin/../../lib/gcc/pic32mx/4.8.3/../../../../pic32mx/lib\libpic32.a(default-on-reset.o)
 .mdebug.abi32  0xa00001d0        0x0 c:/program files (x86)/microchip/xc32/v2.05/bin/bin/../../lib/gcc/pic32mx/4.8.3/../../../../pic32mx/lib\libpic32.a(default-on-bootstrap.o)
 .mdebug.abi32  0xa00001d0        0x0 c:/program files (x86)/microchip/xc32/v2.05/bin/bin/../../lib/gcc/pic32mx/4.8.3/../../../../pic32mx/lib\libpic32.a(default-general-exception-handler.o)
 .mdebug.abi32  0xa00001d0        0x0 c:/program files (x86)/microchip/xc32/v2.05/bin/bin/../../lib/gcc/pic32mx/4.8.3/../../../../pic32mx/lib\libpic32.a(defaultinterrupt.o)
 .mdebug.abi32  0xa00001d0        0x0 c:/program files (x86)/microchip/xc32/v2.05/bin/bin/../../lib/gcc/pic32mx/4.8.3/../../../../pic32mx/lib\liblega-c.a(sprintf_cdnopuxX.eo)
 .mdebug.abi32  0xa00001d0        0x0 c:/program files (x86)/microchip/xc32/v2.05/bin/bin/../../lib/gcc/pic32mx/4.8.3/../../../../pic32mx/lib\liblega-c.a(_doprnt_cdnopuxX.eo)
 .mdebug.abi32  0xa00001d0        0x0 c:/program files (x86)/microchip/xc32/v2.05/bin/bin/../../lib/gcc/pic32mx/4.8.3/../../../../pic32mx/lib\liblega-c.a(_iobdata.o)
 .mdebug.abi32  0xa00001d0        0x0 c:/program files (x86)/microchip/xc32/v2.05/bin/bin/../../lib/gcc/pic32mx/4.8.3/../../../../pic32mx/lib\liblega-c.a(_iobfuncs.o)
 .mdebug.abi32  0xa00001d0        0x0 c:/program files (x86)/microchip/xc32/v2.05/bin/bin/../../lib/gcc/pic32mx/4.8.3/../../../../pic32mx/lib\liblega-c.a(_iobstring.o)
 .mdebug.abi32  0xa00001d0        0x0 c:/program files (x86)/microchip/xc32/v2.05/bin/bin/../../lib/gcc/pic32mx/4.8.3/../../../../pic32mx/lib\liblega-c.a(fputc.o)
 .mdebug.abi32  0xa00001d0        0x0 c:/program files (x86)/microchip/xc32/v2.05/bin/bin/../../lib/gcc/pic32mx/4.8.3/../../../../pic32mx/lib\liblega-c.a(strlen.o)
 .mdebug.abi32  0xa00001d0        0x0 c:/program files (x86)/microchip/xc32/v2.05/bin/bin/../../lib/gcc/pic32mx/4.8.3/../../../../pic32mx/lib\liblega-c.a(errno.o)
 .mdebug.abi32  0xa00001d0        0x0 c:/program files (x86)/microchip/xc32/v2.05/bin/bin/../../lib/gcc/pic32mx/4.8.3\libgcc.a(_udivdi3.o)
 .mdebug.abi32  0xa00001d0        0x0 c:/program files (x86)/microchip/xc32/v2.05/bin/bin/../../lib/gcc/pic32mx/4.8.3\libgcc.a(_umoddi3.o)
 .mdebug.abi32  0xa00001d0        0x0 c:/program files (x86)/microchip/xc32/v2.05/bin/bin/../../lib/gcc/pic32mx/4.8.3/../../../../pic32mx/lib\libpic32.a(_mon_getc.o)
 .mdebug.abi32  0xa00001d0        0x0 c:/program files (x86)/microchip/xc32/v2.05/bin/bin/../../lib/gcc/pic32mx/4.8.3/../../../../pic32mx/lib\libpic32.a(_mon_write.o)
 .mdebug.abi32  0xa00001d0        0x0 c:/program files (x86)/microchip/xc32/v2.05/bin/bin/../../lib/gcc/pic32mx/4.8.3/../../../../pic32mx/lib\libpic32.a(xc32_uart.o)
 .mdebug.abi32  0xa00001d0        0x0 c:/program files (x86)/microchip/xc32/v2.05/bin/bin/../../lib/gcc/pic32mx/4.8.3/../../../../pic32mx/lib\libpic32.a(_mon_putc.o)

.mdebug.abiN32
 *(.mdebug.abiN32)

.mdebug.abi64
 *(.mdebug.abi64)

.mdebug.abiO64
 *(.mdebug.abiO64)

.mdebug.eabi32
 *(.mdebug.eabi32)

.mdebug.eabi64
 *(.mdebug.eabi64)

.gcc_compiled_long32
 *(.gcc_compiled_long32)

.gcc_compiled_long64
 *(.gcc_compiled_long64)

.stab
 *(.stab)

.stabstr
 *(.stabstr)

.stab.excl
 *(.stab.excl)

.stab.exclstr
 *(.stab.exclstr)

.stab.index
 *(.stab.index)

.stab.indexstr
 *(.stab.indexstr)

.comment        0x00000000      0x305
 *(.comment)
 .comment       0x00000000       0x3c build/default/production/_ext/1033338590/adc_intf.o
                                 0x3d (size before relaxing)
 .comment       0x00000000       0x3d build/default/production/_ext/1033338590/calculator_fsm.o
 .comment       0x00000000       0x3d build/default/production/_ext/1033338590/glcdfont.o
 .comment       0x00000000       0x3d build/default/production/_ext/1033338590/glcfont.o
 .comment       0x00000000       0x3d build/default/production/_ext/1033338590/lcd_gui.o
 .comment       0x00000000       0x3d build/default/production/_ext/1033338590/main.o
 .comment       0x00000000       0x3d build/default/production/_ext/1033338590/reading_interpreter.o
 .comment       0x00000000       0x3d build/default/production/_ext/1033338590/tft_gfx.o
 .comment       0x00000000       0x3d build/default/production/_ext/1033338590/tft_master.o
 .comment       0x00000000       0x3d build/default/production/_ext/1033338590/ts_lcd.o
 .comment       0x00000000       0x3d build/default/production/_ext/1033338590/TouchScreen.o
 .comment       0x0000003c       0x3c c:/program files (x86)/microchip/xc32/v2.05/bin/bin/../../lib/gcc/pic32mx/4.8.3/../../../../pic32mx/lib\libmchp_peripheral.a(read_core_timer_lib.o)
                                 0x3d (size before relaxing)
 .comment       0x00000000       0x3d c:/program files (x86)/microchip/xc32/v2.05/bin/bin/../../lib/gcc/pic32mx/4.8.3/../../../../pic32mx/lib\libmchp_peripheral.a(write_core_timer_lib.o)
 .comment       0x00000000       0x3d c:/program files (x86)/microchip/xc32/v2.05/bin/bin/../../lib/gcc/pic32mx/4.8.3/../../../../pic32mx/lib\libmchp_peripheral_32MX250F128B.a(int_disable_interrupts_lib.o)
 .comment       0x00000000       0x3d c:/program files (x86)/microchip/xc32/v2.05/bin/bin/../../lib/gcc/pic32mx/4.8.3/../../../../pic32mx/lib\libmchp_peripheral_32MX250F128B.a(int_restore_interrupts_lib.o)
 .comment       0x00000000       0x3d c:/program files (x86)/microchip/xc32/v2.05/bin/bin/../../lib/gcc/pic32mx/4.8.3/../../../../pic32mx/lib\libmchp_peripheral_32MX250F128B.a(spi_chn_open_lib.o)
 .comment       0x00000000       0x3d c:/program files (x86)/microchip/xc32/v2.05/bin/bin/../../lib/gcc/pic32mx/4.8.3/../../../../pic32mx/lib\libmchp_peripheral_32MX250F128B.a(spi_map_tbl_libp.o)
 .comment       0x00000000       0x3d c:/program files (x86)/microchip/xc32/v2.05/bin/bin/../../lib/gcc/pic32mx/4.8.3/../../../../pic32mx/lib\libmchp_peripheral_32MX250F128B.a(int_tbl_lib.o)
 .comment       0x00000000       0x3d c:/program files (x86)/microchip/xc32/v2.05/bin/bin/../../lib/gcc/pic32mx/4.8.3/../../../../pic32mx/lib\libpic32.a(default-bootstrap-exception-handler.o)
 .comment       0x00000000       0x3d c:/program files (x86)/microchip/xc32/v2.05/bin/bin/../../lib/gcc/pic32mx/4.8.3/../../../../pic32mx/lib\libpic32.a(default-on-reset.o)
 .comment       0x00000000       0x3d c:/program files (x86)/microchip/xc32/v2.05/bin/bin/../../lib/gcc/pic32mx/4.8.3/../../../../pic32mx/lib\libpic32.a(default-on-bootstrap.o)
 .comment       0x00000000       0x3d c:/program files (x86)/microchip/xc32/v2.05/bin/bin/../../lib/gcc/pic32mx/4.8.3/../../../../pic32mx/lib\libpic32.a(default-general-exception-handler.o)
 .comment       0x00000000       0x3d c:/program files (x86)/microchip/xc32/v2.05/bin/bin/../../lib/gcc/pic32mx/4.8.3/../../../../pic32mx/lib\libpic32.a(defaultinterrupt.o)
 .comment       0x00000078       0x52 c:/program files (x86)/microchip/xc32/v2.05/bin/bin/../../lib/gcc/pic32mx/4.8.3/../../../../pic32mx/lib\liblega-c.a(sprintf_cdnopuxX.eo)
                                 0x8f (size before relaxing)
 .comment       0x000000ca       0x52 c:/program files (x86)/microchip/xc32/v2.05/bin/bin/../../lib/gcc/pic32mx/4.8.3/../../../../pic32mx/lib\liblega-c.a(_doprnt_cdnopuxX.eo)
                                 0x8f (size before relaxing)
 .comment       0x0000011c       0x53 c:/program files (x86)/microchip/xc32/v2.05/bin/bin/../../lib/gcc/pic32mx/4.8.3/../../../../pic32mx/lib\liblega-c.a(_iobdata.o)
                                 0x90 (size before relaxing)
 .comment       0x0000016f       0x54 c:/program files (x86)/microchip/xc32/v2.05/bin/bin/../../lib/gcc/pic32mx/4.8.3/../../../../pic32mx/lib\liblega-c.a(_iobfuncs.o)
                                 0x91 (size before relaxing)
 .comment       0x000001c3       0x55 c:/program files (x86)/microchip/xc32/v2.05/bin/bin/../../lib/gcc/pic32mx/4.8.3/../../../../pic32mx/lib\liblega-c.a(_iobstring.o)
                                 0x92 (size before relaxing)
 .comment       0x00000218       0x50 c:/program files (x86)/microchip/xc32/v2.05/bin/bin/../../lib/gcc/pic32mx/4.8.3/../../../../pic32mx/lib\liblega-c.a(fputc.o)
                                 0x8d (size before relaxing)
 .comment       0x00000268       0x4f c:/program files (x86)/microchip/xc32/v2.05/bin/bin/../../lib/gcc/pic32mx/4.8.3/../../../../pic32mx/lib\liblega-c.a(strlen.o)
                                 0x8c (size before relaxing)
 .comment       0x000002b7       0x4e c:/program files (x86)/microchip/xc32/v2.05/bin/bin/../../lib/gcc/pic32mx/4.8.3/../../../../pic32mx/lib\liblega-c.a(errno.o)
                                 0x8b (size before relaxing)
 .comment       0x00000000       0x3d c:/program files (x86)/microchip/xc32/v2.05/bin/bin/../../lib/gcc/pic32mx/4.8.3\libgcc.a(_udivdi3.o)
 .comment       0x00000000       0x3d c:/program files (x86)/microchip/xc32/v2.05/bin/bin/../../lib/gcc/pic32mx/4.8.3\libgcc.a(_umoddi3.o)
 .comment       0x00000000       0x3d c:/program files (x86)/microchip/xc32/v2.05/bin/bin/../../lib/gcc/pic32mx/4.8.3/../../../../pic32mx/lib\libpic32.a(_mon_getc.o)
 .comment       0x00000000       0x3d c:/program files (x86)/microchip/xc32/v2.05/bin/bin/../../lib/gcc/pic32mx/4.8.3/../../../../pic32mx/lib\libpic32.a(_mon_write.o)
 .comment       0x00000000       0x3d c:/program files (x86)/microchip/xc32/v2.05/bin/bin/../../lib/gcc/pic32mx/4.8.3/../../../../pic32mx/lib\libpic32.a(xc32_uart.o)
 .comment       0x00000000       0x3d c:/program files (x86)/microchip/xc32/v2.05/bin/bin/../../lib/gcc/pic32mx/4.8.3/../../../../pic32mx/lib\libpic32.a(_mon_putc.o)

.debug
 *(.debug)

.line
 *(.line)

.debug_srcinfo
 *(.debug_srcinfo)

.debug_sfnames
 *(.debug_sfnames)

.debug_aranges  0x00000000      0x390
 *(.debug_aranges)
 .debug_aranges
                0x00000000       0x20 build/default/production/_ext/1033338590/adc_intf.o
 .debug_aranges
                0x00000020       0x20 build/default/production/_ext/1033338590/calculator_fsm.o
 .debug_aranges
                0x00000040       0x18 build/default/production/_ext/1033338590/glcdfont.o
 .debug_aranges
                0x00000058       0x18 build/default/production/_ext/1033338590/glcfont.o
 .debug_aranges
                0x00000070       0x20 build/default/production/_ext/1033338590/lcd_gui.o
 .debug_aranges
                0x00000090       0x20 build/default/production/_ext/1033338590/main.o
 .debug_aranges
                0x000000b0       0x20 build/default/production/_ext/1033338590/reading_interpreter.o
 .debug_aranges
                0x000000d0       0x20 build/default/production/_ext/1033338590/tft_gfx.o
 .debug_aranges
                0x000000f0       0x20 build/default/production/_ext/1033338590/tft_master.o
 .debug_aranges
                0x00000110       0x20 build/default/production/_ext/1033338590/ts_lcd.o
 .debug_aranges
                0x00000130       0x20 build/default/production/_ext/1033338590/TouchScreen.o
 .debug_aranges
                0x00000150       0x20 c:/program files (x86)/microchip/xc32/v2.05/bin/bin/../../lib/gcc/pic32mx/4.8.3/../../../../pic32mx/lib\libmchp_peripheral.a(read_core_timer_lib.o)
 .debug_aranges
                0x00000170       0x20 c:/program files (x86)/microchip/xc32/v2.05/bin/bin/../../lib/gcc/pic32mx/4.8.3/../../../../pic32mx/lib\libmchp_peripheral.a(write_core_timer_lib.o)
 .debug_aranges
                0x00000190       0x20 c:/program files (x86)/microchip/xc32/v2.05/bin/bin/../../lib/gcc/pic32mx/4.8.3/../../../../pic32mx/lib\libmchp_peripheral_32MX250F128B.a(int_disable_interrupts_lib.o)
 .debug_aranges
                0x000001b0       0x20 c:/program files (x86)/microchip/xc32/v2.05/bin/bin/../../lib/gcc/pic32mx/4.8.3/../../../../pic32mx/lib\libmchp_peripheral_32MX250F128B.a(int_restore_interrupts_lib.o)
 .debug_aranges
                0x000001d0       0x20 c:/program files (x86)/microchip/xc32/v2.05/bin/bin/../../lib/gcc/pic32mx/4.8.3/../../../../pic32mx/lib\libmchp_peripheral_32MX250F128B.a(spi_chn_open_lib.o)
 .debug_aranges
                0x000001f0       0x60 c:/program files (x86)/microchip/xc32/v2.05/bin/bin/../../lib/gcc/pic32mx/4.8.3/../../../../pic32mx/lib\libmchp_peripheral_32MX250F128B.a(int_tbl_lib.o)
 .debug_aranges
                0x00000250       0x20 c:/program files (x86)/microchip/xc32/v2.05/bin/bin/../../lib/gcc/pic32mx/4.8.3/../../../../pic32mx/lib\libpic32.a(default-bootstrap-exception-handler.o)
 .debug_aranges
                0x00000270       0x20 c:/program files (x86)/microchip/xc32/v2.05/bin/bin/../../lib/gcc/pic32mx/4.8.3/../../../../pic32mx/lib\libpic32.a(default-on-reset.o)
 .debug_aranges
                0x00000290       0x20 c:/program files (x86)/microchip/xc32/v2.05/bin/bin/../../lib/gcc/pic32mx/4.8.3/../../../../pic32mx/lib\libpic32.a(default-on-bootstrap.o)
 .debug_aranges
                0x000002b0       0x20 c:/program files (x86)/microchip/xc32/v2.05/bin/bin/../../lib/gcc/pic32mx/4.8.3/../../../../pic32mx/lib\libpic32.a(default-general-exception-handler.o)
 .debug_aranges
                0x000002d0       0x20 c:/program files (x86)/microchip/xc32/v2.05/bin/bin/../../lib/gcc/pic32mx/4.8.3/../../../../pic32mx/lib\libpic32.a(defaultinterrupt.o)
 .debug_aranges
                0x000002f0       0x20 c:/program files (x86)/microchip/xc32/v2.05/bin/bin/../../lib/gcc/pic32mx/4.8.3\libgcc.a(_udivdi3.o)
 .debug_aranges
                0x00000310       0x20 c:/program files (x86)/microchip/xc32/v2.05/bin/bin/../../lib/gcc/pic32mx/4.8.3\libgcc.a(_umoddi3.o)
 .debug_aranges
                0x00000330       0x20 c:/program files (x86)/microchip/xc32/v2.05/bin/bin/../../lib/gcc/pic32mx/4.8.3/../../../../pic32mx/lib\libpic32.a(_mon_getc.o)
 .debug_aranges
                0x00000350       0x20 c:/program files (x86)/microchip/xc32/v2.05/bin/bin/../../lib/gcc/pic32mx/4.8.3/../../../../pic32mx/lib\libpic32.a(_mon_write.o)
 .debug_aranges
                0x00000370       0x20 c:/program files (x86)/microchip/xc32/v2.05/bin/bin/../../lib/gcc/pic32mx/4.8.3/../../../../pic32mx/lib\libpic32.a(_mon_putc.o)

.debug_pubnames
 *(.debug_pubnames)

.debug_info     0x00000000     0xc54a
 *(.debug_info .gnu.linkonce.wi.*)
 .debug_info    0x00000000     0x10bf build/default/production/_ext/1033338590/adc_intf.o
 .debug_info    0x000010bf     0x1172 build/default/production/_ext/1033338590/calculator_fsm.o
 .debug_info    0x00002231       0xdc build/default/production/_ext/1033338590/glcdfont.o
 .debug_info    0x0000230d       0xdb build/default/production/_ext/1033338590/glcfont.o
 .debug_info    0x000023e8     0x10bd build/default/production/_ext/1033338590/lcd_gui.o
 .debug_info    0x000034a5     0x1154 build/default/production/_ext/1033338590/main.o
 .debug_info    0x000045f9     0x1010 build/default/production/_ext/1033338590/reading_interpreter.o
 .debug_info    0x00005609     0x197c build/default/production/_ext/1033338590/tft_gfx.o
 .debug_info    0x00006f85     0x194e build/default/production/_ext/1033338590/tft_master.o
 .debug_info    0x000088d3     0x11f7 build/default/production/_ext/1033338590/ts_lcd.o
 .debug_info    0x00009aca      0xfc9 build/default/production/_ext/1033338590/TouchScreen.o
 .debug_info    0x0000aa93       0xa8 c:/program files (x86)/microchip/xc32/v2.05/bin/bin/../../lib/gcc/pic32mx/4.8.3/../../../../pic32mx/lib\libmchp_peripheral.a(read_core_timer_lib.o)
 .debug_info    0x0000ab3b       0xaa c:/program files (x86)/microchip/xc32/v2.05/bin/bin/../../lib/gcc/pic32mx/4.8.3/../../../../pic32mx/lib\libmchp_peripheral.a(write_core_timer_lib.o)
 .debug_info    0x0000abe5       0xb4 c:/program files (x86)/microchip/xc32/v2.05/bin/bin/../../lib/gcc/pic32mx/4.8.3/../../../../pic32mx/lib\libmchp_peripheral_32MX250F128B.a(int_disable_interrupts_lib.o)
 .debug_info    0x0000ac99       0xb4 c:/program files (x86)/microchip/xc32/v2.05/bin/bin/../../lib/gcc/pic32mx/4.8.3/../../../../pic32mx/lib\libmchp_peripheral_32MX250F128B.a(int_restore_interrupts_lib.o)
 .debug_info    0x0000ad4d       0xa0 c:/program files (x86)/microchip/xc32/v2.05/bin/bin/../../lib/gcc/pic32mx/4.8.3/../../../../pic32mx/lib\libmchp_peripheral_32MX250F128B.a(spi_chn_open_lib.o)
 .debug_info    0x0000aded      0x19c c:/program files (x86)/microchip/xc32/v2.05/bin/bin/../../lib/gcc/pic32mx/4.8.3/../../../../pic32mx/lib\libmchp_peripheral_32MX250F128B.a(int_tbl_lib.o)
 .debug_info    0x0000af89       0xf3 c:/program files (x86)/microchip/xc32/v2.05/bin/bin/../../lib/gcc/pic32mx/4.8.3/../../../../pic32mx/lib\libpic32.a(default-bootstrap-exception-handler.o)
 .debug_info    0x0000b07c       0xcc c:/program files (x86)/microchip/xc32/v2.05/bin/bin/../../lib/gcc/pic32mx/4.8.3/../../../../pic32mx/lib\libpic32.a(default-on-reset.o)
 .debug_info    0x0000b148       0xd4 c:/program files (x86)/microchip/xc32/v2.05/bin/bin/../../lib/gcc/pic32mx/4.8.3/../../../../pic32mx/lib\libpic32.a(default-on-bootstrap.o)
 .debug_info    0x0000b21c       0xef c:/program files (x86)/microchip/xc32/v2.05/bin/bin/../../lib/gcc/pic32mx/4.8.3/../../../../pic32mx/lib\libpic32.a(default-general-exception-handler.o)
 .debug_info    0x0000b30b       0xe6 c:/program files (x86)/microchip/xc32/v2.05/bin/bin/../../lib/gcc/pic32mx/4.8.3/../../../../pic32mx/lib\libpic32.a(defaultinterrupt.o)
 .debug_info    0x0000b3f1      0x764 c:/program files (x86)/microchip/xc32/v2.05/bin/bin/../../lib/gcc/pic32mx/4.8.3\libgcc.a(_udivdi3.o)
 .debug_info    0x0000bb55      0x7a1 c:/program files (x86)/microchip/xc32/v2.05/bin/bin/../../lib/gcc/pic32mx/4.8.3\libgcc.a(_umoddi3.o)
 .debug_info    0x0000c2f6       0xc6 c:/program files (x86)/microchip/xc32/v2.05/bin/bin/../../lib/gcc/pic32mx/4.8.3/../../../../pic32mx/lib\libpic32.a(_mon_getc.o)
 .debug_info    0x0000c3bc       0xc8 c:/program files (x86)/microchip/xc32/v2.05/bin/bin/../../lib/gcc/pic32mx/4.8.3/../../../../pic32mx/lib\libpic32.a(_mon_write.o)
 .debug_info    0x0000c484       0xc6 c:/program files (x86)/microchip/xc32/v2.05/bin/bin/../../lib/gcc/pic32mx/4.8.3/../../../../pic32mx/lib\libpic32.a(_mon_putc.o)

.debug_abbrev   0x00000000     0x15b9
 *(.debug_abbrev)
 .debug_abbrev  0x00000000      0x179 build/default/production/_ext/1033338590/adc_intf.o
 .debug_abbrev  0x00000179      0x1b1 build/default/production/_ext/1033338590/calculator_fsm.o
 .debug_abbrev  0x0000032a       0x43 build/default/production/_ext/1033338590/glcdfont.o
 .debug_abbrev  0x0000036d       0x43 build/default/production/_ext/1033338590/glcfont.o
 .debug_abbrev  0x000003b0      0x197 build/default/production/_ext/1033338590/lcd_gui.o
 .debug_abbrev  0x00000547      0x1c9 build/default/production/_ext/1033338590/main.o
 .debug_abbrev  0x00000710      0x197 build/default/production/_ext/1033338590/reading_interpreter.o
 .debug_abbrev  0x000008a7      0x20c build/default/production/_ext/1033338590/tft_gfx.o
 .debug_abbrev  0x00000ab3      0x219 build/default/production/_ext/1033338590/tft_master.o
 .debug_abbrev  0x00000ccc      0x297 build/default/production/_ext/1033338590/ts_lcd.o
 .debug_abbrev  0x00000f63      0x1a7 build/default/production/_ext/1033338590/TouchScreen.o
 .debug_abbrev  0x0000110a       0x28 c:/program files (x86)/microchip/xc32/v2.05/bin/bin/../../lib/gcc/pic32mx/4.8.3/../../../../pic32mx/lib\libmchp_peripheral.a(read_core_timer_lib.o)
 .debug_abbrev  0x00001132       0x28 c:/program files (x86)/microchip/xc32/v2.05/bin/bin/../../lib/gcc/pic32mx/4.8.3/../../../../pic32mx/lib\libmchp_peripheral.a(write_core_timer_lib.o)
 .debug_abbrev  0x0000115a       0x28 c:/program files (x86)/microchip/xc32/v2.05/bin/bin/../../lib/gcc/pic32mx/4.8.3/../../../../pic32mx/lib\libmchp_peripheral_32MX250F128B.a(int_disable_interrupts_lib.o)
 .debug_abbrev  0x00001182       0x28 c:/program files (x86)/microchip/xc32/v2.05/bin/bin/../../lib/gcc/pic32mx/4.8.3/../../../../pic32mx/lib\libmchp_peripheral_32MX250F128B.a(int_restore_interrupts_lib.o)
 .debug_abbrev  0x000011aa       0x28 c:/program files (x86)/microchip/xc32/v2.05/bin/bin/../../lib/gcc/pic32mx/4.8.3/../../../../pic32mx/lib\libmchp_peripheral_32MX250F128B.a(spi_chn_open_lib.o)
 .debug_abbrev  0x000011d2       0x28 c:/program files (x86)/microchip/xc32/v2.05/bin/bin/../../lib/gcc/pic32mx/4.8.3/../../../../pic32mx/lib\libmchp_peripheral_32MX250F128B.a(int_tbl_lib.o)
 .debug_abbrev  0x000011fa       0x28 c:/program files (x86)/microchip/xc32/v2.05/bin/bin/../../lib/gcc/pic32mx/4.8.3/../../../../pic32mx/lib\libpic32.a(default-bootstrap-exception-handler.o)
 .debug_abbrev  0x00001222       0x28 c:/program files (x86)/microchip/xc32/v2.05/bin/bin/../../lib/gcc/pic32mx/4.8.3/../../../../pic32mx/lib\libpic32.a(default-on-reset.o)
 .debug_abbrev  0x0000124a       0x28 c:/program files (x86)/microchip/xc32/v2.05/bin/bin/../../lib/gcc/pic32mx/4.8.3/../../../../pic32mx/lib\libpic32.a(default-on-bootstrap.o)
 .debug_abbrev  0x00001272       0x28 c:/program files (x86)/microchip/xc32/v2.05/bin/bin/../../lib/gcc/pic32mx/4.8.3/../../../../pic32mx/lib\libpic32.a(default-general-exception-handler.o)
 .debug_abbrev  0x0000129a       0x28 c:/program files (x86)/microchip/xc32/v2.05/bin/bin/../../lib/gcc/pic32mx/4.8.3/../../../../pic32mx/lib\libpic32.a(defaultinterrupt.o)
 .debug_abbrev  0x000012c2      0x138 c:/program files (x86)/microchip/xc32/v2.05/bin/bin/../../lib/gcc/pic32mx/4.8.3\libgcc.a(_udivdi3.o)
 .debug_abbrev  0x000013fa      0x147 c:/program files (x86)/microchip/xc32/v2.05/bin/bin/../../lib/gcc/pic32mx/4.8.3\libgcc.a(_umoddi3.o)
 .debug_abbrev  0x00001541       0x28 c:/program files (x86)/microchip/xc32/v2.05/bin/bin/../../lib/gcc/pic32mx/4.8.3/../../../../pic32mx/lib\libpic32.a(_mon_getc.o)
 .debug_abbrev  0x00001569       0x28 c:/program files (x86)/microchip/xc32/v2.05/bin/bin/../../lib/gcc/pic32mx/4.8.3/../../../../pic32mx/lib\libpic32.a(_mon_write.o)
 .debug_abbrev  0x00001591       0x28 c:/program files (x86)/microchip/xc32/v2.05/bin/bin/../../lib/gcc/pic32mx/4.8.3/../../../../pic32mx/lib\libpic32.a(_mon_putc.o)

.debug_line     0x00000000     0x21dd
 *(.debug_line)
 .debug_line    0x00000000      0x1e0 build/default/production/_ext/1033338590/adc_intf.o
 .debug_line    0x000001e0      0x2a9 build/default/production/_ext/1033338590/calculator_fsm.o
 .debug_line    0x00000489       0x5a build/default/production/_ext/1033338590/glcdfont.o
 .debug_line    0x000004e3       0x59 build/default/production/_ext/1033338590/glcfont.o
 .debug_line    0x0000053c      0x24a build/default/production/_ext/1033338590/lcd_gui.o
 .debug_line    0x00000786      0x22f build/default/production/_ext/1033338590/main.o
 .debug_line    0x000009b5      0x257 build/default/production/_ext/1033338590/reading_interpreter.o
 .debug_line    0x00000c0c      0x432 build/default/production/_ext/1033338590/tft_gfx.o
 .debug_line    0x0000103e      0x391 build/default/production/_ext/1033338590/tft_master.o
 .debug_line    0x000013cf      0x29b build/default/production/_ext/1033338590/ts_lcd.o
 .debug_line    0x0000166a      0x237 build/default/production/_ext/1033338590/TouchScreen.o
 .debug_line    0x000018a1       0x6b c:/program files (x86)/microchip/xc32/v2.05/bin/bin/../../lib/gcc/pic32mx/4.8.3/../../../../pic32mx/lib\libmchp_peripheral.a(read_core_timer_lib.o)
 .debug_line    0x0000190c       0x6c c:/program files (x86)/microchip/xc32/v2.05/bin/bin/../../lib/gcc/pic32mx/4.8.3/../../../../pic32mx/lib\libmchp_peripheral.a(write_core_timer_lib.o)
 .debug_line    0x00001978       0x70 c:/program files (x86)/microchip/xc32/v2.05/bin/bin/../../lib/gcc/pic32mx/4.8.3/../../../../pic32mx/lib\libmchp_peripheral_32MX250F128B.a(int_disable_interrupts_lib.o)
 .debug_line    0x000019e8       0x70 c:/program files (x86)/microchip/xc32/v2.05/bin/bin/../../lib/gcc/pic32mx/4.8.3/../../../../pic32mx/lib\libmchp_peripheral_32MX250F128B.a(int_restore_interrupts_lib.o)
 .debug_line    0x00001a58       0x66 c:/program files (x86)/microchip/xc32/v2.05/bin/bin/../../lib/gcc/pic32mx/4.8.3/../../../../pic32mx/lib\libmchp_peripheral_32MX250F128B.a(spi_chn_open_lib.o)
 .debug_line    0x00001abe        0x0 c:/program files (x86)/microchip/xc32/v2.05/bin/bin/../../lib/gcc/pic32mx/4.8.3/../../../../pic32mx/lib\libmchp_peripheral_32MX250F128B.a(spi_map_tbl_libp.o)
 .debug_line    0x00001abe       0x61 c:/program files (x86)/microchip/xc32/v2.05/bin/bin/../../lib/gcc/pic32mx/4.8.3/../../../../pic32mx/lib\libmchp_peripheral_32MX250F128B.a(int_tbl_lib.o)
 .debug_line    0x00001b1f       0xa5 c:/program files (x86)/microchip/xc32/v2.05/bin/bin/../../lib/gcc/pic32mx/4.8.3/../../../../pic32mx/lib\libpic32.a(default-bootstrap-exception-handler.o)
 .debug_line    0x00001bc4       0x92 c:/program files (x86)/microchip/xc32/v2.05/bin/bin/../../lib/gcc/pic32mx/4.8.3/../../../../pic32mx/lib\libpic32.a(default-on-reset.o)
 .debug_line    0x00001c56       0x96 c:/program files (x86)/microchip/xc32/v2.05/bin/bin/../../lib/gcc/pic32mx/4.8.3/../../../../pic32mx/lib\libpic32.a(default-on-bootstrap.o)
 .debug_line    0x00001cec       0xa3 c:/program files (x86)/microchip/xc32/v2.05/bin/bin/../../lib/gcc/pic32mx/4.8.3/../../../../pic32mx/lib\libpic32.a(default-general-exception-handler.o)
 .debug_line    0x00001d8f       0xa4 c:/program files (x86)/microchip/xc32/v2.05/bin/bin/../../lib/gcc/pic32mx/4.8.3/../../../../pic32mx/lib\libpic32.a(defaultinterrupt.o)
 .debug_line    0x00001e33       0xfb c:/program files (x86)/microchip/xc32/v2.05/bin/bin/../../lib/gcc/pic32mx/4.8.3\libgcc.a(_udivdi3.o)
 .debug_line    0x00001f2e      0x10d c:/program files (x86)/microchip/xc32/v2.05/bin/bin/../../lib/gcc/pic32mx/4.8.3\libgcc.a(_umoddi3.o)
 .debug_line    0x0000203b       0x8b c:/program files (x86)/microchip/xc32/v2.05/bin/bin/../../lib/gcc/pic32mx/4.8.3/../../../../pic32mx/lib\libpic32.a(_mon_getc.o)
 .debug_line    0x000020c6       0x8c c:/program files (x86)/microchip/xc32/v2.05/bin/bin/../../lib/gcc/pic32mx/4.8.3/../../../../pic32mx/lib\libpic32.a(_mon_write.o)
 .debug_line    0x00002152        0x0 c:/program files (x86)/microchip/xc32/v2.05/bin/bin/../../lib/gcc/pic32mx/4.8.3/../../../../pic32mx/lib\libpic32.a(xc32_uart.o)
 .debug_line    0x00002152       0x8b c:/program files (x86)/microchip/xc32/v2.05/bin/bin/../../lib/gcc/pic32mx/4.8.3/../../../../pic32mx/lib\libpic32.a(_mon_putc.o)

.debug_frame    0x00000000      0xae4
 *(.debug_frame)
 .debug_frame   0x00000000       0x70 build/default/production/_ext/1033338590/adc_intf.o
 .debug_frame   0x00000070       0x6c build/default/production/_ext/1033338590/calculator_fsm.o
 .debug_frame   0x000000dc       0x90 build/default/production/_ext/1033338590/lcd_gui.o
 .debug_frame   0x0000016c       0x2c build/default/production/_ext/1033338590/main.o
 .debug_frame   0x00000198       0x30 build/default/production/_ext/1033338590/reading_interpreter.o
 .debug_frame   0x000001c8      0x2d0 build/default/production/_ext/1033338590/tft_gfx.o
 .debug_frame   0x00000498      0x2c4 build/default/production/_ext/1033338590/tft_master.o
 .debug_frame   0x0000075c       0x50 build/default/production/_ext/1033338590/ts_lcd.o
 .debug_frame   0x000007ac       0x74 build/default/production/_ext/1033338590/TouchScreen.o
 .debug_frame   0x00000820       0x20 c:/program files (x86)/microchip/xc32/v2.05/bin/bin/../../lib/gcc/pic32mx/4.8.3/../../../../pic32mx/lib\libmchp_peripheral.a(read_core_timer_lib.o)
 .debug_frame   0x00000840       0x20 c:/program files (x86)/microchip/xc32/v2.05/bin/bin/../../lib/gcc/pic32mx/4.8.3/../../../../pic32mx/lib\libmchp_peripheral.a(write_core_timer_lib.o)
 .debug_frame   0x00000860       0x20 c:/program files (x86)/microchip/xc32/v2.05/bin/bin/../../lib/gcc/pic32mx/4.8.3/../../../../pic32mx/lib\libmchp_peripheral_32MX250F128B.a(int_disable_interrupts_lib.o)
 .debug_frame   0x00000880       0x20 c:/program files (x86)/microchip/xc32/v2.05/bin/bin/../../lib/gcc/pic32mx/4.8.3/../../../../pic32mx/lib\libmchp_peripheral_32MX250F128B.a(int_restore_interrupts_lib.o)
 .debug_frame   0x000008a0       0x30 c:/program files (x86)/microchip/xc32/v2.05/bin/bin/../../lib/gcc/pic32mx/4.8.3/../../../../pic32mx/lib\libmchp_peripheral_32MX250F128B.a(spi_chn_open_lib.o)
 .debug_frame   0x000008d0       0xa0 c:/program files (x86)/microchip/xc32/v2.05/bin/bin/../../lib/gcc/pic32mx/4.8.3/../../../../pic32mx/lib\libmchp_peripheral_32MX250F128B.a(int_tbl_lib.o)
 .debug_frame   0x00000970       0x2c c:/program files (x86)/microchip/xc32/v2.05/bin/bin/../../lib/gcc/pic32mx/4.8.3/../../../../pic32mx/lib\libpic32.a(default-bootstrap-exception-handler.o)
 .debug_frame   0x0000099c       0x20 c:/program files (x86)/microchip/xc32/v2.05/bin/bin/../../lib/gcc/pic32mx/4.8.3/../../../../pic32mx/lib\libpic32.a(default-on-reset.o)
 .debug_frame   0x000009bc       0x20 c:/program files (x86)/microchip/xc32/v2.05/bin/bin/../../lib/gcc/pic32mx/4.8.3/../../../../pic32mx/lib\libpic32.a(default-on-bootstrap.o)
 .debug_frame   0x000009dc       0x2c c:/program files (x86)/microchip/xc32/v2.05/bin/bin/../../lib/gcc/pic32mx/4.8.3/../../../../pic32mx/lib\libpic32.a(default-general-exception-handler.o)
 .debug_frame   0x00000a08       0x20 c:/program files (x86)/microchip/xc32/v2.05/bin/bin/../../lib/gcc/pic32mx/4.8.3/../../../../pic32mx/lib\libpic32.a(defaultinterrupt.o)
 .debug_frame   0x00000a28       0x20 c:/program files (x86)/microchip/xc32/v2.05/bin/bin/../../lib/gcc/pic32mx/4.8.3\libgcc.a(_udivdi3.o)
 .debug_frame   0x00000a48       0x20 c:/program files (x86)/microchip/xc32/v2.05/bin/bin/../../lib/gcc/pic32mx/4.8.3\libgcc.a(_umoddi3.o)
 .debug_frame   0x00000a68       0x28 c:/program files (x86)/microchip/xc32/v2.05/bin/bin/../../lib/gcc/pic32mx/4.8.3/../../../../pic32mx/lib\libpic32.a(_mon_getc.o)
 .debug_frame   0x00000a90       0x2c c:/program files (x86)/microchip/xc32/v2.05/bin/bin/../../lib/gcc/pic32mx/4.8.3/../../../../pic32mx/lib\libpic32.a(_mon_write.o)
 .debug_frame   0x00000abc       0x28 c:/program files (x86)/microchip/xc32/v2.05/bin/bin/../../lib/gcc/pic32mx/4.8.3/../../../../pic32mx/lib\libpic32.a(_mon_putc.o)

.debug_str      0x00000000       0x35
 *(.debug_str)
 .debug_str     0x00000000        0x0 build/default/production/_ext/1033338590/adc_intf.o
 .debug_str     0x00000000        0x0 build/default/production/_ext/1033338590/calculator_fsm.o
 .debug_str     0x00000000        0x0 build/default/production/_ext/1033338590/glcdfont.o
 .debug_str     0x00000000        0x0 build/default/production/_ext/1033338590/glcfont.o
 .debug_str     0x00000000        0x0 build/default/production/_ext/1033338590/lcd_gui.o
 .debug_str     0x00000000        0x0 build/default/production/_ext/1033338590/main.o
 .debug_str     0x00000000        0x0 build/default/production/_ext/1033338590/reading_interpreter.o
 .debug_str     0x00000000       0x11 build/default/production/_ext/1033338590/tft_gfx.o
 .debug_str     0x00000011        0x6 build/default/production/_ext/1033338590/tft_master.o
 .debug_str     0x00000017       0x1e build/default/production/_ext/1033338590/ts_lcd.o
 .debug_str     0x00000035        0x0 build/default/production/_ext/1033338590/TouchScreen.o
 .debug_str     0x00000035        0x0 c:/program files (x86)/microchip/xc32/v2.05/bin/bin/../../lib/gcc/pic32mx/4.8.3/../../../../pic32mx/lib\libmchp_peripheral.a(read_core_timer_lib.o)
 .debug_str     0x00000035        0x0 c:/program files (x86)/microchip/xc32/v2.05/bin/bin/../../lib/gcc/pic32mx/4.8.3/../../../../pic32mx/lib\libmchp_peripheral.a(write_core_timer_lib.o)
 .debug_str     0x00000035        0x0 c:/program files (x86)/microchip/xc32/v2.05/bin/bin/../../lib/gcc/pic32mx/4.8.3/../../../../pic32mx/lib\libmchp_peripheral_32MX250F128B.a(int_disable_interrupts_lib.o)
 .debug_str     0x00000035        0x0 c:/program files (x86)/microchip/xc32/v2.05/bin/bin/../../lib/gcc/pic32mx/4.8.3/../../../../pic32mx/lib\libmchp_peripheral_32MX250F128B.a(int_restore_interrupts_lib.o)
 .debug_str     0x00000035        0x0 c:/program files (x86)/microchip/xc32/v2.05/bin/bin/../../lib/gcc/pic32mx/4.8.3/../../../../pic32mx/lib\libmchp_peripheral_32MX250F128B.a(spi_chn_open_lib.o)
 .debug_str     0x00000035        0x0 c:/program files (x86)/microchip/xc32/v2.05/bin/bin/../../lib/gcc/pic32mx/4.8.3/../../../../pic32mx/lib\libmchp_peripheral_32MX250F128B.a(spi_map_tbl_libp.o)
 .debug_str     0x00000035        0x0 c:/program files (x86)/microchip/xc32/v2.05/bin/bin/../../lib/gcc/pic32mx/4.8.3/../../../../pic32mx/lib\libmchp_peripheral_32MX250F128B.a(int_tbl_lib.o)
 .debug_str     0x00000035        0x0 c:/program files (x86)/microchip/xc32/v2.05/bin/bin/../../lib/gcc/pic32mx/4.8.3/../../../../pic32mx/lib\libpic32.a(default-bootstrap-exception-handler.o)
 .debug_str     0x00000035        0x0 c:/program files (x86)/microchip/xc32/v2.05/bin/bin/../../lib/gcc/pic32mx/4.8.3/../../../../pic32mx/lib\libpic32.a(default-on-reset.o)
 .debug_str     0x00000035        0x0 c:/program files (x86)/microchip/xc32/v2.05/bin/bin/../../lib/gcc/pic32mx/4.8.3/../../../../pic32mx/lib\libpic32.a(default-on-bootstrap.o)
 .debug_str     0x00000035        0x0 c:/program files (x86)/microchip/xc32/v2.05/bin/bin/../../lib/gcc/pic32mx/4.8.3/../../../../pic32mx/lib\libpic32.a(default-general-exception-handler.o)
 .debug_str     0x00000035        0x0 c:/program files (x86)/microchip/xc32/v2.05/bin/bin/../../lib/gcc/pic32mx/4.8.3/../../../../pic32mx/lib\libpic32.a(defaultinterrupt.o)
 .debug_str     0x00000035        0x0 c:/program files (x86)/microchip/xc32/v2.05/bin/bin/../../lib/gcc/pic32mx/4.8.3\libgcc.a(_udivdi3.o)
 .debug_str     0x00000035        0x0 c:/program files (x86)/microchip/xc32/v2.05/bin/bin/../../lib/gcc/pic32mx/4.8.3\libgcc.a(_umoddi3.o)
 .debug_str     0x00000035        0x0 c:/program files (x86)/microchip/xc32/v2.05/bin/bin/../../lib/gcc/pic32mx/4.8.3/../../../../pic32mx/lib\libpic32.a(_mon_getc.o)
 .debug_str     0x00000035        0x0 c:/program files (x86)/microchip/xc32/v2.05/bin/bin/../../lib/gcc/pic32mx/4.8.3/../../../../pic32mx/lib\libpic32.a(_mon_write.o)
 .debug_str     0x00000035        0x0 c:/program files (x86)/microchip/xc32/v2.05/bin/bin/../../lib/gcc/pic32mx/4.8.3/../../../../pic32mx/lib\libpic32.a(xc32_uart.o)
 .debug_str     0x00000035        0x0 c:/program files (x86)/microchip/xc32/v2.05/bin/bin/../../lib/gcc/pic32mx/4.8.3/../../../../pic32mx/lib\libpic32.a(_mon_putc.o)

.debug_loc      0x00000000     0x155f
 *(.debug_loc)
 .debug_loc     0x00000000       0x2c c:/program files (x86)/microchip/xc32/v2.05/bin/bin/../../lib/gcc/pic32mx/4.8.3/../../../../pic32mx/lib\libpic32.a(default-bootstrap-exception-handler.o)
 .debug_loc     0x0000002c       0x2c c:/program files (x86)/microchip/xc32/v2.05/bin/bin/../../lib/gcc/pic32mx/4.8.3/../../../../pic32mx/lib\libpic32.a(default-general-exception-handler.o)
 .debug_loc     0x00000058      0xa6a c:/program files (x86)/microchip/xc32/v2.05/bin/bin/../../lib/gcc/pic32mx/4.8.3\libgcc.a(_udivdi3.o)
 .debug_loc     0x00000ac2      0xa3d c:/program files (x86)/microchip/xc32/v2.05/bin/bin/../../lib/gcc/pic32mx/4.8.3\libgcc.a(_umoddi3.o)
 .debug_loc     0x000014ff       0x20 c:/program files (x86)/microchip/xc32/v2.05/bin/bin/../../lib/gcc/pic32mx/4.8.3/../../../../pic32mx/lib\libpic32.a(_mon_getc.o)
 .debug_loc     0x0000151f       0x20 c:/program files (x86)/microchip/xc32/v2.05/bin/bin/../../lib/gcc/pic32mx/4.8.3/../../../../pic32mx/lib\libpic32.a(_mon_write.o)
 .debug_loc     0x0000153f       0x20 c:/program files (x86)/microchip/xc32/v2.05/bin/bin/../../lib/gcc/pic32mx/4.8.3/../../../../pic32mx/lib\libpic32.a(_mon_putc.o)

.debug_macinfo
 *(.debug_macinfo)

.debug_weaknames
 *(.debug_weaknames)

.debug_funcnames
 *(.debug_funcnames)

.debug_typenames
 *(.debug_typenames)

.debug_varnames
 *(.debug_varnames)

.debug_pubtypes
 *(.debug_pubtypes)

.debug_ranges   0x00000000      0x290
 *(.debug_ranges)
 .debug_ranges  0x00000000       0x10 c:/program files (x86)/microchip/xc32/v2.05/bin/bin/../../lib/gcc/pic32mx/4.8.3/../../../../pic32mx/lib\libmchp_peripheral.a(read_core_timer_lib.o)
 .debug_ranges  0x00000010       0x10 c:/program files (x86)/microchip/xc32/v2.05/bin/bin/../../lib/gcc/pic32mx/4.8.3/../../../../pic32mx/lib\libmchp_peripheral.a(write_core_timer_lib.o)
 .debug_ranges  0x00000020       0x10 c:/program files (x86)/microchip/xc32/v2.05/bin/bin/../../lib/gcc/pic32mx/4.8.3/../../../../pic32mx/lib\libmchp_peripheral_32MX250F128B.a(int_disable_interrupts_lib.o)
 .debug_ranges  0x00000030       0x10 c:/program files (x86)/microchip/xc32/v2.05/bin/bin/../../lib/gcc/pic32mx/4.8.3/../../../../pic32mx/lib\libmchp_peripheral_32MX250F128B.a(int_restore_interrupts_lib.o)
 .debug_ranges  0x00000040       0x10 c:/program files (x86)/microchip/xc32/v2.05/bin/bin/../../lib/gcc/pic32mx/4.8.3/../../../../pic32mx/lib\libmchp_peripheral_32MX250F128B.a(spi_chn_open_lib.o)
 .debug_ranges  0x00000050       0x50 c:/program files (x86)/microchip/xc32/v2.05/bin/bin/../../lib/gcc/pic32mx/4.8.3/../../../../pic32mx/lib\libmchp_peripheral_32MX250F128B.a(int_tbl_lib.o)
 .debug_ranges  0x000000a0       0x10 c:/program files (x86)/microchip/xc32/v2.05/bin/bin/../../lib/gcc/pic32mx/4.8.3/../../../../pic32mx/lib\libpic32.a(default-bootstrap-exception-handler.o)
 .debug_ranges  0x000000b0       0x10 c:/program files (x86)/microchip/xc32/v2.05/bin/bin/../../lib/gcc/pic32mx/4.8.3/../../../../pic32mx/lib\libpic32.a(default-on-reset.o)
 .debug_ranges  0x000000c0       0x10 c:/program files (x86)/microchip/xc32/v2.05/bin/bin/../../lib/gcc/pic32mx/4.8.3/../../../../pic32mx/lib\libpic32.a(default-on-bootstrap.o)
 .debug_ranges  0x000000d0       0x10 c:/program files (x86)/microchip/xc32/v2.05/bin/bin/../../lib/gcc/pic32mx/4.8.3/../../../../pic32mx/lib\libpic32.a(default-general-exception-handler.o)
 .debug_ranges  0x000000e0       0x10 c:/program files (x86)/microchip/xc32/v2.05/bin/bin/../../lib/gcc/pic32mx/4.8.3/../../../../pic32mx/lib\libpic32.a(defaultinterrupt.o)
 .debug_ranges  0x000000f0       0x98 c:/program files (x86)/microchip/xc32/v2.05/bin/bin/../../lib/gcc/pic32mx/4.8.3\libgcc.a(_udivdi3.o)
 .debug_ranges  0x00000188       0xd8 c:/program files (x86)/microchip/xc32/v2.05/bin/bin/../../lib/gcc/pic32mx/4.8.3\libgcc.a(_umoddi3.o)
 .debug_ranges  0x00000260       0x10 c:/program files (x86)/microchip/xc32/v2.05/bin/bin/../../lib/gcc/pic32mx/4.8.3/../../../../pic32mx/lib\libpic32.a(_mon_getc.o)
 .debug_ranges  0x00000270       0x10 c:/program files (x86)/microchip/xc32/v2.05/bin/bin/../../lib/gcc/pic32mx/4.8.3/../../../../pic32mx/lib\libpic32.a(_mon_write.o)
 .debug_ranges  0x00000280       0x10 c:/program files (x86)/microchip/xc32/v2.05/bin/bin/../../lib/gcc/pic32mx/4.8.3/../../../../pic32mx/lib\libpic32.a(_mon_putc.o)

.gnu.attributes
                0x00000000       0x10
 *(.gnu.attributes)
 .gnu.attributes
                0x00000000       0x10 build/default/production/_ext/1033338590/adc_intf.o
 .gnu.attributes
                0x00000010       0x10 build/default/production/_ext/1033338590/calculator_fsm.o
 .gnu.attributes
                0x00000020       0x10 build/default/production/_ext/1033338590/glcdfont.o
 .gnu.attributes
                0x00000030       0x10 build/default/production/_ext/1033338590/glcfont.o
 .gnu.attributes
                0x00000040       0x10 build/default/production/_ext/1033338590/lcd_gui.o
 .gnu.attributes
                0x00000050       0x10 build/default/production/_ext/1033338590/main.o
 .gnu.attributes
                0x00000060       0x10 build/default/production/_ext/1033338590/reading_interpreter.o
 .gnu.attributes
                0x00000070       0x10 build/default/production/_ext/1033338590/tft_gfx.o
 .gnu.attributes
                0x00000080       0x10 build/default/production/_ext/1033338590/tft_master.o
 .gnu.attributes
                0x00000090       0x10 build/default/production/_ext/1033338590/ts_lcd.o
 .gnu.attributes
                0x000000a0       0x10 build/default/production/_ext/1033338590/TouchScreen.o
 .gnu.attributes
                0x000000b0       0x10 c:/program files (x86)/microchip/xc32/v2.05/bin/bin/../../lib/gcc/pic32mx/4.8.3/../../../../pic32mx/lib\libmchp_peripheral.a(read_core_timer_lib.o)
 .gnu.attributes
                0x000000c0       0x10 c:/program files (x86)/microchip/xc32/v2.05/bin/bin/../../lib/gcc/pic32mx/4.8.3/../../../../pic32mx/lib\libmchp_peripheral.a(write_core_timer_lib.o)
 .gnu.attributes
                0x000000d0       0x10 c:/program files (x86)/microchip/xc32/v2.05/bin/bin/../../lib/gcc/pic32mx/4.8.3/../../../../pic32mx/lib\libmchp_peripheral_32MX250F128B.a(int_disable_interrupts_lib.o)
 .gnu.attributes
                0x000000e0       0x10 c:/program files (x86)/microchip/xc32/v2.05/bin/bin/../../lib/gcc/pic32mx/4.8.3/../../../../pic32mx/lib\libmchp_peripheral_32MX250F128B.a(int_restore_interrupts_lib.o)
 .gnu.attributes
                0x000000f0       0x10 c:/program files (x86)/microchip/xc32/v2.05/bin/bin/../../lib/gcc/pic32mx/4.8.3/../../../../pic32mx/lib\libmchp_peripheral_32MX250F128B.a(spi_chn_open_lib.o)
 .gnu.attributes
                0x00000100       0x10 c:/program files (x86)/microchip/xc32/v2.05/bin/bin/../../lib/gcc/pic32mx/4.8.3/../../../../pic32mx/lib\libmchp_peripheral_32MX250F128B.a(spi_map_tbl_libp.o)
 .gnu.attributes
                0x00000110       0x10 c:/program files (x86)/microchip/xc32/v2.05/bin/bin/../../lib/gcc/pic32mx/4.8.3/../../../../pic32mx/lib\libmchp_peripheral_32MX250F128B.a(int_tbl_lib.o)
 .gnu.attributes
                0x00000120       0x10 c:/program files (x86)/microchip/xc32/v2.05/bin/bin/../../lib/gcc/pic32mx/4.8.3/../../../../pic32mx/lib\libpic32.a(default-bootstrap-exception-handler.o)
 .gnu.attributes
                0x00000130       0x10 c:/program files (x86)/microchip/xc32/v2.05/bin/bin/../../lib/gcc/pic32mx/4.8.3/../../../../pic32mx/lib\libpic32.a(default-on-reset.o)
 .gnu.attributes
                0x00000140       0x10 c:/program files (x86)/microchip/xc32/v2.05/bin/bin/../../lib/gcc/pic32mx/4.8.3/../../../../pic32mx/lib\libpic32.a(default-on-bootstrap.o)
 .gnu.attributes
                0x00000150       0x10 c:/program files (x86)/microchip/xc32/v2.05/bin/bin/../../lib/gcc/pic32mx/4.8.3/../../../../pic32mx/lib\libpic32.a(default-general-exception-handler.o)
 .gnu.attributes
                0x00000160       0x10 c:/program files (x86)/microchip/xc32/v2.05/bin/bin/../../lib/gcc/pic32mx/4.8.3/../../../../pic32mx/lib\libpic32.a(defaultinterrupt.o)
 .gnu.attributes
                0x00000170       0x10 c:/program files (x86)/microchip/xc32/v2.05/bin/bin/../../lib/gcc/pic32mx/4.8.3/../../../../pic32mx/lib\liblega-c.a(sprintf_cdnopuxX.eo)
 .gnu.attributes
                0x00000180       0x10 c:/program files (x86)/microchip/xc32/v2.05/bin/bin/../../lib/gcc/pic32mx/4.8.3/../../../../pic32mx/lib\liblega-c.a(_doprnt_cdnopuxX.eo)
 .gnu.attributes
                0x00000190       0x10 c:/program files (x86)/microchip/xc32/v2.05/bin/bin/../../lib/gcc/pic32mx/4.8.3/../../../../pic32mx/lib\liblega-c.a(_iobdata.o)
 .gnu.attributes
                0x000001a0       0x10 c:/program files (x86)/microchip/xc32/v2.05/bin/bin/../../lib/gcc/pic32mx/4.8.3/../../../../pic32mx/lib\liblega-c.a(_iobfuncs.o)
 .gnu.attributes
                0x000001b0       0x10 c:/program files (x86)/microchip/xc32/v2.05/bin/bin/../../lib/gcc/pic32mx/4.8.3/../../../../pic32mx/lib\liblega-c.a(_iobstring.o)
 .gnu.attributes
                0x000001c0       0x10 c:/program files (x86)/microchip/xc32/v2.05/bin/bin/../../lib/gcc/pic32mx/4.8.3/../../../../pic32mx/lib\liblega-c.a(fputc.o)
 .gnu.attributes
                0x000001d0       0x10 c:/program files (x86)/microchip/xc32/v2.05/bin/bin/../../lib/gcc/pic32mx/4.8.3/../../../../pic32mx/lib\liblega-c.a(strlen.o)
 .gnu.attributes
                0x000001e0       0x10 c:/program files (x86)/microchip/xc32/v2.05/bin/bin/../../lib/gcc/pic32mx/4.8.3/../../../../pic32mx/lib\liblega-c.a(errno.o)
 .gnu.attributes
                0x000001f0       0x10 c:/program files (x86)/microchip/xc32/v2.05/bin/bin/../../lib/gcc/pic32mx/4.8.3\libgcc.a(_udivdi3.o)
 .gnu.attributes
                0x00000200       0x10 c:/program files (x86)/microchip/xc32/v2.05/bin/bin/../../lib/gcc/pic32mx/4.8.3\libgcc.a(_umoddi3.o)
 .gnu.attributes
                0x00000210       0x10 c:/program files (x86)/microchip/xc32/v2.05/bin/bin/../../lib/gcc/pic32mx/4.8.3/../../../../pic32mx/lib\libpic32.a(_mon_getc.o)
 .gnu.attributes
                0x00000220       0x10 c:/program files (x86)/microchip/xc32/v2.05/bin/bin/../../lib/gcc/pic32mx/4.8.3/../../../../pic32mx/lib\libpic32.a(_mon_write.o)
 .gnu.attributes
                0x00000230       0x10 c:/program files (x86)/microchip/xc32/v2.05/bin/bin/../../lib/gcc/pic32mx/4.8.3/../../../../pic32mx/lib\libpic32.a(xc32_uart.o)
 .gnu.attributes
                0x00000240       0x10 c:/program files (x86)/microchip/xc32/v2.05/bin/bin/../../lib/gcc/pic32mx/4.8.3/../../../../pic32mx/lib\libpic32.a(_mon_putc.o)
LOAD c:/program files (x86)/microchip/xc32/v2.05/bin/bin/../../lib/gcc/pic32mx/4.8.3\libgcc.a
START GROUP
LOAD c:/program files (x86)/microchip/xc32/v2.05/bin/bin/../../lib/gcc/pic32mx/4.8.3/../../../../pic32mx/lib\libpic32.a
LOAD c:/program files (x86)/microchip/xc32/v2.05/bin/bin/../../lib/gcc/pic32mx/4.8.3/../../../../pic32mx/lib\libdebug.a
LOAD c:/program files (x86)/microchip/xc32/v2.05/bin/bin/../../lib/gcc/pic32mx/4.8.3/../../../../pic32mx/lib\libpic32.a
LOAD c:/program files (x86)/microchip/xc32/v2.05/bin/bin/../../lib/gcc/pic32mx/4.8.3/../../../../pic32mx/lib\liblega-c.a
LOAD c:/program files (x86)/microchip/xc32/v2.05/bin/bin/../../lib/gcc/pic32mx/4.8.3/../../../../pic32mx/lib\libm.a
LOAD c:/program files (x86)/microchip/xc32/v2.05/bin/bin/../../lib/gcc/pic32mx/4.8.3/../../../../pic32mx/lib\libe.a
LOAD c:/program files (x86)/microchip/xc32/v2.05/bin/bin/../../lib/gcc/pic32mx/4.8.3/../../../../pic32mx/lib\libdsp.a
LOAD c:/program files (x86)/microchip/xc32/v2.05/bin/bin/../../lib/gcc/pic32mx/4.8.3\libgcc.a
LOAD c:/program files (x86)/microchip/xc32/v2.05/bin/bin/../../lib/gcc/pic32mx/4.8.3/../../../../pic32mx/lib\libpic32.a
END GROUP
LOAD c:/program files (x86)/microchip/xc32/v2.05/bin/bin/../../lib/gcc/pic32mx/4.8.3\libgcc.a
OUTPUT(dist/default/production/Pong_game_project.X.production.elf elf32-tradlittlemips)
LOAD stack
LOAD data_init

.reginfo        0x00000000       0x18
 .reginfo       0x00000000       0x18 c:/program files (x86)/microchip/xc32/v2.05/bin/bin/../../lib/gcc/pic32mx/4.8.3/../../../../pic32mx/lib/./proc/32MX250F128B/crt0_mips32r2.o

.stack          0xa0000358      0x400
 .stack         0xa0000358      0x400 stack

.data           0xa00001d0       0xd4
 .data          0xa00001d0       0xd4 c:/program files (x86)/microchip/xc32/v2.05/bin/bin/../../lib/gcc/pic32mx/4.8.3/../../../../pic32mx/lib\liblega-c.a(_iobdata.o)

.bss            0xa00002a4       0x88
 .bss           0xa00002a4       0x88 c:/program files (x86)/microchip/xc32/v2.05/bin/bin/../../lib/gcc/pic32mx/4.8.3/../../../../pic32mx/lib\liblega-c.a(_iobdata.o)

.bss%z1         0x00000000        0x0
 .bss           0x00000000        0x0 c:/program files (x86)/microchip/xc32/v2.05/bin/bin/../../lib/gcc/pic32mx/4.8.3/../../../../pic32mx/lib\libpic32.a(_mon_putc.o)

.data%z2        0x00000000        0x0
 .data          0x00000000        0x0 c:/program files (x86)/microchip/xc32/v2.05/bin/bin/../../lib/gcc/pic32mx/4.8.3/../../../../pic32mx/lib\libpic32.a(_mon_putc.o)

.bss%z3         0x00000000        0x0
 .bss           0x00000000        0x0 c:/program files (x86)/microchip/xc32/v2.05/bin/bin/../../lib/gcc/pic32mx/4.8.3/../../../../pic32mx/lib\libpic32.a(xc32_uart.o)

.data%z4        0x00000000        0x0
 .data          0x00000000        0x0 c:/program files (x86)/microchip/xc32/v2.05/bin/bin/../../lib/gcc/pic32mx/4.8.3/../../../../pic32mx/lib\libpic32.a(xc32_uart.o)

.bss%z5         0x00000000        0x0
 .bss           0x00000000        0x0 c:/program files (x86)/microchip/xc32/v2.05/bin/bin/../../lib/gcc/pic32mx/4.8.3/../../../../pic32mx/lib\libpic32.a(_mon_write.o)

.data%z6        0x00000000        0x0
 .data          0x00000000        0x0 c:/program files (x86)/microchip/xc32/v2.05/bin/bin/../../lib/gcc/pic32mx/4.8.3/../../../../pic32mx/lib\libpic32.a(_mon_write.o)

.bss%z7         0x00000000        0x0
 .bss           0x00000000        0x0 c:/program files (x86)/microchip/xc32/v2.05/bin/bin/../../lib/gcc/pic32mx/4.8.3/../../../../pic32mx/lib\libpic32.a(_mon_getc.o)

.data%z8        0x00000000        0x0
 .data          0x00000000        0x0 c:/program files (x86)/microchip/xc32/v2.05/bin/bin/../../lib/gcc/pic32mx/4.8.3/../../../../pic32mx/lib\libpic32.a(_mon_getc.o)

.bss%z9         0x00000000        0x0
 .bss           0x00000000        0x0 c:/program files (x86)/microchip/xc32/v2.05/bin/bin/../../lib/gcc/pic32mx/4.8.3\libgcc.a(_umoddi3.o)

.data%z10       0x00000000        0x0
 .data          0x00000000        0x0 c:/program files (x86)/microchip/xc32/v2.05/bin/bin/../../lib/gcc/pic32mx/4.8.3\libgcc.a(_umoddi3.o)

.bss%z11        0x00000000        0x0
 .bss           0x00000000        0x0 c:/program files (x86)/microchip/xc32/v2.05/bin/bin/../../lib/gcc/pic32mx/4.8.3\libgcc.a(_udivdi3.o)

.data%z12       0x00000000        0x0
 .data          0x00000000        0x0 c:/program files (x86)/microchip/xc32/v2.05/bin/bin/../../lib/gcc/pic32mx/4.8.3\libgcc.a(_udivdi3.o)

.bss%z13        0x00000000        0x0
 .bss           0x00000000        0x0 c:/program files (x86)/microchip/xc32/v2.05/bin/bin/../../lib/gcc/pic32mx/4.8.3/../../../../pic32mx/lib\libm.a(sitofp.o)

.data%z14       0x00000000        0x0
 .data          0x00000000        0x0 c:/program files (x86)/microchip/xc32/v2.05/bin/bin/../../lib/gcc/pic32mx/4.8.3/../../../../pic32mx/lib\libm.a(sitofp.o)

.bss%z15        0x00000000        0x0
 .bss           0x00000000        0x0 c:/program files (x86)/microchip/xc32/v2.05/bin/bin/../../lib/gcc/pic32mx/4.8.3/../../../../pic32mx/lib\libm.a(fptoli.o)

.data%z16       0x00000000        0x0
 .data          0x00000000        0x0 c:/program files (x86)/microchip/xc32/v2.05/bin/bin/../../lib/gcc/pic32mx/4.8.3/../../../../pic32mx/lib\libm.a(fptoli.o)

.bss%z17        0x00000000        0x0
 .bss           0x00000000        0x0 c:/program files (x86)/microchip/xc32/v2.05/bin/bin/../../lib/gcc/pic32mx/4.8.3/../../../../pic32mx/lib\libm.a(fp32subadd.o)

.data%z18       0x00000000        0x0
 .data          0x00000000        0x0 c:/program files (x86)/microchip/xc32/v2.05/bin/bin/../../lib/gcc/pic32mx/4.8.3/../../../../pic32mx/lib\libm.a(fp32subadd.o)

.bss%z19        0x00000000        0x0
 .bss           0x00000000        0x0 c:/program files (x86)/microchip/xc32/v2.05/bin/bin/../../lib/gcc/pic32mx/4.8.3/../../../../pic32mx/lib\libm.a(fp32mul.o)

.data%z20       0x00000000        0x0
 .data          0x00000000        0x0 c:/program files (x86)/microchip/xc32/v2.05/bin/bin/../../lib/gcc/pic32mx/4.8.3/../../../../pic32mx/lib\libm.a(fp32mul.o)

.bss%z21        0x00000000        0x0
 .bss           0x00000000        0x0 c:/program files (x86)/microchip/xc32/v2.05/bin/bin/../../lib/gcc/pic32mx/4.8.3/../../../../pic32mx/lib\libm.a(fp32div.o)

.data%z22       0x00000000        0x0
 .data          0x00000000        0x0 c:/program files (x86)/microchip/xc32/v2.05/bin/bin/../../lib/gcc/pic32mx/4.8.3/../../../../pic32mx/lib\libm.a(fp32div.o)

.bss%z23        0x00000000        0x0
 .bss           0x00000000        0x0 c:/program files (x86)/microchip/xc32/v2.05/bin/bin/../../lib/gcc/pic32mx/4.8.3/../../../../pic32mx/lib\liblega-c.a(errno.o)

.data%z24       0x00000000        0x0
 .data          0x00000000        0x0 c:/program files (x86)/microchip/xc32/v2.05/bin/bin/../../lib/gcc/pic32mx/4.8.3/../../../../pic32mx/lib\liblega-c.a(errno.o)

.bss%z25        0x00000000        0x0
 .bss           0x00000000        0x0 c:/program files (x86)/microchip/xc32/v2.05/bin/bin/../../lib/gcc/pic32mx/4.8.3/../../../../pic32mx/lib\liblega-c.a(strlen.o)

.data%z26       0x00000000        0x0
 .data          0x00000000        0x0 c:/program files (x86)/microchip/xc32/v2.05/bin/bin/../../lib/gcc/pic32mx/4.8.3/../../../../pic32mx/lib\liblega-c.a(strlen.o)

.bss%z27        0x00000000        0x0
 .bss           0x00000000        0x0 c:/program files (x86)/microchip/xc32/v2.05/bin/bin/../../lib/gcc/pic32mx/4.8.3/../../../../pic32mx/lib\liblega-c.a(fputc.o)

.data%z28       0x00000000        0x0
 .data          0x00000000        0x0 c:/program files (x86)/microchip/xc32/v2.05/bin/bin/../../lib/gcc/pic32mx/4.8.3/../../../../pic32mx/lib\liblega-c.a(fputc.o)

.bss%z29        0x00000000        0x0
 .bss           0x00000000        0x0 c:/program files (x86)/microchip/xc32/v2.05/bin/bin/../../lib/gcc/pic32mx/4.8.3/../../../../pic32mx/lib\liblega-c.a(_iobstring.o)

.data%z30       0x00000000        0x0
 .data          0x00000000        0x0 c:/program files (x86)/microchip/xc32/v2.05/bin/bin/../../lib/gcc/pic32mx/4.8.3/../../../../pic32mx/lib\liblega-c.a(_iobstring.o)

.bss%z31        0x00000000        0x0
 .bss           0x00000000        0x0 c:/program files (x86)/microchip/xc32/v2.05/bin/bin/../../lib/gcc/pic32mx/4.8.3/../../../../pic32mx/lib\liblega-c.a(_iobfuncs.o)

.data%z32       0x00000000        0x0
 .data          0x00000000        0x0 c:/program files (x86)/microchip/xc32/v2.05/bin/bin/../../lib/gcc/pic32mx/4.8.3/../../../../pic32mx/lib\liblega-c.a(_iobfuncs.o)

.bss%z33        0x00000000        0x0
 .bss           0x00000000        0x0 c:/program files (x86)/microchip/xc32/v2.05/bin/bin/../../lib/gcc/pic32mx/4.8.3/../../../../pic32mx/lib\liblega-c.a(_doprnt_cdnopuxX.eo)

.data%z34       0x00000000        0x0
 .data          0x00000000        0x0 c:/program files (x86)/microchip/xc32/v2.05/bin/bin/../../lib/gcc/pic32mx/4.8.3/../../../../pic32mx/lib\liblega-c.a(_doprnt_cdnopuxX.eo)

.bss%z35        0x00000000        0x0
 .bss           0x00000000        0x0 c:/program files (x86)/microchip/xc32/v2.05/bin/bin/../../lib/gcc/pic32mx/4.8.3/../../../../pic32mx/lib\liblega-c.a(sprintf_cdnopuxX.eo)

.data%z36       0x00000000        0x0
 .data          0x00000000        0x0 c:/program files (x86)/microchip/xc32/v2.05/bin/bin/../../lib/gcc/pic32mx/4.8.3/../../../../pic32mx/lib\liblega-c.a(sprintf_cdnopuxX.eo)

.bss%z37        0x00000000        0x0
 .bss           0x00000000        0x0 c:/program files (x86)/microchip/xc32/v2.05/bin/bin/../../lib/gcc/pic32mx/4.8.3/../../../../pic32mx/lib\libpic32.a(defaultinterrupt.o)

.data%z38       0x00000000        0x0
 .data          0x00000000        0x0 c:/program files (x86)/microchip/xc32/v2.05/bin/bin/../../lib/gcc/pic32mx/4.8.3/../../../../pic32mx/lib\libpic32.a(defaultinterrupt.o)

.bss%z39        0x00000000        0x0
 .bss           0x00000000        0x0 c:/program files (x86)/microchip/xc32/v2.05/bin/bin/../../lib/gcc/pic32mx/4.8.3/../../../../pic32mx/lib\libpic32.a(default-general-exception-handler.o)

.data%z40       0x00000000        0x0